Archive member included to satisfy reference by file (symbol)

C:/ST/STM32CubeIDE_1.9.0/STM32CubeIDE/plugins/com.st.stm32cube.ide.mcu.externaltools.gnu-tools-for-stm32.11.3.rel1.win32_1.1.1.202309131626/tools/bin/../lib/gcc/arm-none-eabi/11.3.1/../../../../arm-none-eabi/lib/thumb/v7e-m+fp/hard\libc_nano.a(libc_a-exit.o)
                              C:/ST/STM32CubeIDE_1.9.0/STM32CubeIDE/plugins/com.st.stm32cube.ide.mcu.externaltools.gnu-tools-for-stm32.11.3.rel1.win32_1.1.1.202309131626/tools/bin/../lib/gcc/arm-none-eabi/11.3.1/../../../../arm-none-eabi/lib/thumb/v7e-m+fp/hard/crt0.o (exit)
C:/ST/STM32CubeIDE_1.9.0/STM32CubeIDE/plugins/com.st.stm32cube.ide.mcu.externaltools.gnu-tools-for-stm32.11.3.rel1.win32_1.1.1.202309131626/tools/bin/../lib/gcc/arm-none-eabi/11.3.1/../../../../arm-none-eabi/lib/thumb/v7e-m+fp/hard\libc_nano.a(libc_a-findfp.o)
                              C:/ST/STM32CubeIDE_1.9.0/STM32CubeIDE/plugins/com.st.stm32cube.ide.mcu.externaltools.gnu-tools-for-stm32.11.3.rel1.win32_1.1.1.202309131626/tools/bin/../lib/gcc/arm-none-eabi/11.3.1/../../../../arm-none-eabi/lib/thumb/v7e-m+fp/hard\libc_nano.a(libc_a-exit.o) (__stdio_exit_handler)
C:/ST/STM32CubeIDE_1.9.0/STM32CubeIDE/plugins/com.st.stm32cube.ide.mcu.externaltools.gnu-tools-for-stm32.11.3.rel1.win32_1.1.1.202309131626/tools/bin/../lib/gcc/arm-none-eabi/11.3.1/../../../../arm-none-eabi/lib/thumb/v7e-m+fp/hard\libc_nano.a(libc_a-fwalk.o)
                              C:/ST/STM32CubeIDE_1.9.0/STM32CubeIDE/plugins/com.st.stm32cube.ide.mcu.externaltools.gnu-tools-for-stm32.11.3.rel1.win32_1.1.1.202309131626/tools/bin/../lib/gcc/arm-none-eabi/11.3.1/../../../../arm-none-eabi/lib/thumb/v7e-m+fp/hard\libc_nano.a(libc_a-findfp.o) (_fwalk_sglue)
C:/ST/STM32CubeIDE_1.9.0/STM32CubeIDE/plugins/com.st.stm32cube.ide.mcu.externaltools.gnu-tools-for-stm32.11.3.rel1.win32_1.1.1.202309131626/tools/bin/../lib/gcc/arm-none-eabi/11.3.1/../../../../arm-none-eabi/lib/thumb/v7e-m+fp/hard\libc_nano.a(libc_a-stdio.o)
                              C:/ST/STM32CubeIDE_1.9.0/STM32CubeIDE/plugins/com.st.stm32cube.ide.mcu.externaltools.gnu-tools-for-stm32.11.3.rel1.win32_1.1.1.202309131626/tools/bin/../lib/gcc/arm-none-eabi/11.3.1/../../../../arm-none-eabi/lib/thumb/v7e-m+fp/hard\libc_nano.a(libc_a-findfp.o) (__sread)
C:/ST/STM32CubeIDE_1.9.0/STM32CubeIDE/plugins/com.st.stm32cube.ide.mcu.externaltools.gnu-tools-for-stm32.11.3.rel1.win32_1.1.1.202309131626/tools/bin/../lib/gcc/arm-none-eabi/11.3.1/../../../../arm-none-eabi/lib/thumb/v7e-m+fp/hard\libc_nano.a(libc_a-memset.o)
                              C:/ST/STM32CubeIDE_1.9.0/STM32CubeIDE/plugins/com.st.stm32cube.ide.mcu.externaltools.gnu-tools-for-stm32.11.3.rel1.win32_1.1.1.202309131626/tools/bin/../lib/gcc/arm-none-eabi/11.3.1/../../../../arm-none-eabi/lib/thumb/v7e-m+fp/hard/crt0.o (memset)
C:/ST/STM32CubeIDE_1.9.0/STM32CubeIDE/plugins/com.st.stm32cube.ide.mcu.externaltools.gnu-tools-for-stm32.11.3.rel1.win32_1.1.1.202309131626/tools/bin/../lib/gcc/arm-none-eabi/11.3.1/../../../../arm-none-eabi/lib/thumb/v7e-m+fp/hard\libc_nano.a(libc_a-closer.o)
                              C:/ST/STM32CubeIDE_1.9.0/STM32CubeIDE/plugins/com.st.stm32cube.ide.mcu.externaltools.gnu-tools-for-stm32.11.3.rel1.win32_1.1.1.202309131626/tools/bin/../lib/gcc/arm-none-eabi/11.3.1/../../../../arm-none-eabi/lib/thumb/v7e-m+fp/hard\libc_nano.a(libc_a-stdio.o) (_close_r)
C:/ST/STM32CubeIDE_1.9.0/STM32CubeIDE/plugins/com.st.stm32cube.ide.mcu.externaltools.gnu-tools-for-stm32.11.3.rel1.win32_1.1.1.202309131626/tools/bin/../lib/gcc/arm-none-eabi/11.3.1/../../../../arm-none-eabi/lib/thumb/v7e-m+fp/hard\libc_nano.a(libc_a-reent.o)
                              C:/ST/STM32CubeIDE_1.9.0/STM32CubeIDE/plugins/com.st.stm32cube.ide.mcu.externaltools.gnu-tools-for-stm32.11.3.rel1.win32_1.1.1.202309131626/tools/bin/../lib/gcc/arm-none-eabi/11.3.1/../../../../arm-none-eabi/lib/thumb/v7e-m+fp/hard\libc_nano.a(libc_a-closer.o) (errno)
C:/ST/STM32CubeIDE_1.9.0/STM32CubeIDE/plugins/com.st.stm32cube.ide.mcu.externaltools.gnu-tools-for-stm32.11.3.rel1.win32_1.1.1.202309131626/tools/bin/../lib/gcc/arm-none-eabi/11.3.1/../../../../arm-none-eabi/lib/thumb/v7e-m+fp/hard\libc_nano.a(libc_a-impure.o)
                              C:/ST/STM32CubeIDE_1.9.0/STM32CubeIDE/plugins/com.st.stm32cube.ide.mcu.externaltools.gnu-tools-for-stm32.11.3.rel1.win32_1.1.1.202309131626/tools/bin/../lib/gcc/arm-none-eabi/11.3.1/../../../../arm-none-eabi/lib/thumb/v7e-m+fp/hard\libc_nano.a(libc_a-reent.o) (_impure_ptr)
C:/ST/STM32CubeIDE_1.9.0/STM32CubeIDE/plugins/com.st.stm32cube.ide.mcu.externaltools.gnu-tools-for-stm32.11.3.rel1.win32_1.1.1.202309131626/tools/bin/../lib/gcc/arm-none-eabi/11.3.1/../../../../arm-none-eabi/lib/thumb/v7e-m+fp/hard\libc_nano.a(libc_a-lseekr.o)
[...]
Memory Configuration

Name             Origin             Length             Attributes
RAM              0x0000000020000000 0x0000000000008000 xrw
FLASH            0x0000000008000000 0x0000000000020000 xr
*default*        0x0000000000000000 0xffffffffffffffff

Linker script and memory map

LOAD C:/ST/STM32CubeIDE_1.9.0/STM32CubeIDE/plugins/com.st.stm32cube.ide.mcu.externaltools.gnu-tools-for-stm32.11.3.rel1.win32_1.1.1.202309131626/tools/bin/../lib/gcc/arm-none-eabi/11.3.1/thumb/v7e-m+fp/hard/crti.o
LOAD C:/ST/STM32CubeIDE_1.9.0/STM32CubeIDE/plugins/com.st.stm32cube.ide.mcu.externaltools.gnu-tools-for-stm32.11.3.rel1.win32_1.1.1.202309131626/tools/bin/../lib/gcc/arm-none-eabi/11.3.1/thumb/v7e-m+fp/hard/crtbegin.o
LOAD C:/ST/STM32CubeIDE_1.9.0/STM32CubeIDE/plugins/com.st.stm32cube.ide.mcu.externaltools.gnu-tools-for-stm32.11.3.rel1.win32_1.1.1.202309131626/tools/bin/../lib/gcc/arm-none-eabi/11.3.1/../../../../arm-none-eabi/lib/thumb/v7e-m+fp/hard/crt0.o
LOAD ./Core/Src/can_usb.o
LOAD ./Core/Src/led.o
LOAD ./Core/Src/main.o
LOAD ./Core/Src/stm32f3xx_hal_msp.o
LOAD ./Core/Src/stm32f3xx_it.o
LOAD ./Core/Src/syscalls.o
LOAD ./Core/Src/sysmem.o
LOAD ./Core/Src/system_stm32f3xx.o
LOAD ./Core/Src/usbcan_main.o
LOAD ./Core/Src/user_if.o
LOAD ./Core/Startup/startup_stm32f302cbtx.o
LOAD ./Drivers/STM32F3xx_HAL_Driver/Src/stm32f3xx_hal.o
LOAD ./Drivers/STM32F3xx_HAL_Driver/Src/stm32f3xx_hal_can.o
LOAD ./Drivers/STM32F3xx_HAL_Driver/Src/stm32f3xx_hal_cortex.o
LOAD ./Drivers/STM32F3xx_HAL_Driver/Src/stm32f3xx_hal_dma.o
LOAD ./Drivers/STM32F3xx_HAL_Driver/Src/stm32f3xx_hal_exti.o
LOAD ./Drivers/STM32F3xx_HAL_Driver/Src/stm32f3xx_hal_flash.o
LOAD ./Drivers/STM32F3xx_HAL_Driver/Src/stm32f3xx_hal_flash_ex.o
LOAD ./Drivers/STM32F3xx_HAL_Driver/Src/stm32f3xx_hal_gpio.o
LOAD ./Drivers/STM32F3xx_HAL_Driver/Src/stm32f3xx_hal_i2c.o
LOAD ./Drivers/STM32F3xx_HAL_Driver/Src/stm32f3xx_hal_i2c_ex.o
LOAD ./Drivers/STM32F3xx_HAL_Driver/Src/stm32f3xx_hal_pcd.o
LOAD ./Drivers/STM32F3xx_HAL_Driver/Src/stm32f3xx_hal_pcd_ex.o
LOAD ./Drivers/STM32F3xx_HAL_Driver/Src/stm32f3xx_hal_pwr.o
LOAD ./Drivers/STM32F3xx_HAL_Driver/Src/stm32f3xx_hal_pwr_ex.o
LOAD ./Drivers/STM32F3xx_HAL_Driver/Src/stm32f3xx_hal_rcc.o
LOAD ./Drivers/STM32F3xx_HAL_Driver/Src/stm32f3xx_hal_rcc_ex.o
LOAD ./Drivers/STM32F3xx_HAL_Driver/Src/stm32f3xx_hal_tim.o
LOAD ./Drivers/STM32F3xx_HAL_Driver/Src/stm32f3xx_hal_tim_ex.o
LOAD ./Drivers/STM32F3xx_HAL_Driver/Src/stm32f3xx_ll_usb.o
LOAD ./Middlewares/ST/STM32_USB_Device_Library/Class/CDC/Src/usbd_cdc.o
LOAD ./Middlewares/ST/STM32_USB_Device_Library/Core/Src/usbd_core.o
LOAD ./Middlewares/ST/STM32_USB_Device_Library/Core/Src/usbd_ctlreq.o
LOAD ./Middlewares/ST/STM32_USB_Device_Library/Core/Src/usbd_ioreq.o
LOAD ./USB_DEVICE/App/usb_device.o
LOAD ./USB_DEVICE/App/usbd_cdc_if.o
LOAD ./USB_DEVICE/App/usbd_desc.o
LOAD ./USB_DEVICE/Target/usbd_conf.o
START GROUP
LOAD C:/ST/STM32CubeIDE_1.9.0/STM32CubeIDE/plugins/com.st.stm32cube.ide.mcu.externaltools.gnu-tools-for-stm32.11.3.rel1.win32_1.1.1.202309131626/tools/bin/../lib/gcc/arm-none-eabi/11.3.1/../../../../arm-none-eabi/lib/thumb/v7e-m+fp/hard\libstdc++_nano.a
LOAD C:/ST/STM32CubeIDE_1.9.0/STM32CubeIDE/plugins/com.st.stm32cube.ide.mcu.externaltools.gnu-tools-for-stm32.11.3.rel1.win32_1.1.1.202309131626/tools/bin/../lib/gcc/arm-none-eabi/11.3.1/../../../../arm-none-eabi/lib/thumb/v7e-m+fp/hard\libsupc++_nano.a
END GROUP
LOAD C:/ST/STM32CubeIDE_1.9.0/STM32CubeIDE/plugins/com.st.stm32cube.ide.mcu.externaltools.gnu-tools-for-stm32.11.3.rel1.win32_1.1.1.202309131626/tools/bin/../lib/gcc/arm-none-eabi/11.3.1/../../../../arm-none-eabi/lib/thumb/v7e-m+fp/hard\libstdc++_nano.a
LOAD C:/ST/STM32CubeIDE_1.9.0/STM32CubeIDE/plugins/com.st.stm32cube.ide.mcu.externaltools.gnu-tools-for-stm32.11.3.rel1.win32_1.1.1.202309131626/tools/bin/../lib/gcc/arm-none-eabi/11.3.1/../../../../arm-none-eabi/lib/thumb/v7e-m+fp/hard\libm.a
LOAD C:/ST/STM32CubeIDE_1.9.0/STM32CubeIDE/plugins/com.st.stm32cube.ide.mcu.externaltools.gnu-tools-for-stm32.11.3.rel1.win32_1.1.1.202309131626/tools/bin/../lib/gcc/arm-none-eabi/11.3.1/../../../../arm-none-eabi/lib/thumb/v7e-m+fp/hard\libc_nano.a
START GROUP
LOAD C:/ST/STM32CubeIDE_1.9.0/STM32CubeIDE/plugins/com.st.stm32cube.ide.mcu.externaltools.gnu-tools-for-stm32.11.3.rel1.win32_1.1.1.202309131626/tools/bin/../lib/gcc/arm-none-eabi/11.3.1/thumb/v7e-m+fp/hard\libgcc.a
LOAD C:/ST/STM32CubeIDE_1.9.0/STM32CubeIDE/plugins/com.st.stm32cube.ide.mcu.externaltools.gnu-tools-for-stm32.11.3.rel1.win32_1.1.1.202309131626/tools/bin/../lib/gcc/arm-none-eabi/11.3.1/../../../../arm-none-eabi/lib/thumb/v7e-m+fp/hard\libc_nano.a
END GROUP
START GROUP
LOAD C:/ST/STM32CubeIDE_1.9.0/STM32CubeIDE/plugins/com.st.stm32cube.ide.mcu.externaltools.gnu-tools-for-stm32.11.3.rel1.win32_1.1.1.202309131626/tools/bin/../lib/gcc/arm-none-eabi/11.3.1/thumb/v7e-m+fp/hard\libgcc.a
LOAD C:/ST/STM32CubeIDE_1.9.0/STM32CubeIDE/plugins/com.st.stm32cube.ide.mcu.externaltools.gnu-tools-for-stm32.11.3.rel1.win32_1.1.1.202309131626/tools/bin/../lib/gcc/arm-none-eabi/11.3.1/../../../../arm-none-eabi/lib/thumb/v7e-m+fp/hard\libc_nano.a
LOAD C:/ST/STM32CubeIDE_1.9.0/STM32CubeIDE/plugins/com.st.stm32cube.ide.mcu.externaltools.gnu-tools-for-stm32.11.3.rel1.win32_1.1.1.202309131626/tools/bin/../lib/gcc/arm-none-eabi/11.3.1/../../../../arm-none-eabi/lib/thumb/v7e-m+fp/hard\libnosys.a
END GROUP
START GROUP
LOAD C:/ST/STM32CubeIDE_1.9.0/STM32CubeIDE/plugins/com.st.stm32cube.ide.mcu.externaltools.gnu-tools-for-stm32.11.3.rel1.win32_1.1.1.202309131626/tools/bin/../lib/gcc/arm-none-eabi/11.3.1/thumb/v7e-m+fp/hard\libgcc.a
LOAD C:/ST/STM32CubeIDE_1.9.0/STM32CubeIDE/plugins/com.st.stm32cube.ide.mcu.externaltools.gnu-tools-for-stm32.11.3.rel1.win32_1.1.1.202309131626/tools/bin/../lib/gcc/arm-none-eabi/11.3.1/../../../../arm-none-eabi/lib/thumb/v7e-m+fp/hard\libc_nano.a
LOAD C:/ST/STM32CubeIDE_1.9.0/STM32CubeIDE/plugins/com.st.stm32cube.ide.mcu.externaltools.gnu-tools-for-stm32.11.3.rel1.win32_1.1.1.202309131626/tools/bin/../lib/gcc/arm-none-eabi/11.3.1/../../../../arm-none-eabi/lib/thumb/v7e-m+fp/hard\libnosys.a
END GROUP
LOAD C:/ST/STM32CubeIDE_1.9.0/STM32CubeIDE/plugins/com.st.stm32cube.ide.mcu.externaltools.gnu-tools-for-stm32.11.3.rel1.win32_1.1.1.202309131626/tools/bin/../lib/gcc/arm-none-eabi/11.3.1/thumb/v7e-m+fp/hard/crtend.o
LOAD C:/ST/STM32CubeIDE_1.9.0/STM32CubeIDE/plugins/com.st.stm32cube.ide.mcu.externaltools.gnu-tools-for-stm32.11.3.rel1.win32_1.1.1.202309131626/tools/bin/../lib/gcc/arm-none-eabi/11.3.1/thumb/v7e-m+fp/hard/crtn.o
                0x0000000020008000                _estack = (ORIGIN (RAM) + LENGTH (RAM))
                0x0000000000002000                _Min_Heap_Size = 0x2000
                0x0000000000001000                _Min_Stack_Size = 0x1000

.isr_vector     0x0000000008000000      0x188
                0x0000000008000000                . = ALIGN (0x4)
 *(.isr_vector)
 .isr_vector    0x0000000008000000      0x188 ./Core/Startup/startup_stm32f302cbtx.o
                0x0000000008000000                g_pfnVectors
                0x0000000008000188                . = ALIGN (0x4)

.text           0x0000000008000188     0x47d0
                0x0000000008000188                . = ALIGN (0x4)
 *(.text)
 .text          0x0000000008000188       0x40 C:/ST/STM32CubeIDE_1.9.0/STM32CubeIDE/plugins/com.st.stm32cube.ide.mcu.externaltools.gnu-tools-for-stm32.11.3.rel1.win32_1.1.1.202309131626/tools/bin/../lib/gcc/arm-none-eabi/11.3.1/thumb/v7e-m+fp/hard/crtbegin.o
 *(.text*)
 .text.usb_process
                0x00000000080001c8       0x7c ./Core/Src/can_usb.o
                0x00000000080001c8                usb_process
 .text.can_process
                0x0000000008000244      0x1a0 ./Core/Src/can_usb.o
                0x0000000008000244                can_process
 .text.led_on   0x00000000080003e4       0x24 ./Core/Src/led.o
                0x00000000080003e4                led_on
 .text.led_process
                0x0000000008000408       0x30 ./Core/Src/led.o
                0x0000000008000408                led_process
 .text.Error_Handler
                0x0000000008000438       0x18 ./Core/Src/main.o
                0x0000000008000438                Error_Handler
 .text.SystemClock_Config
                0x0000000008000450       0x7c ./Core/Src/main.o
                0x0000000008000450                SystemClock_Config
 .text.startup.main
                0x00000000080004cc      0x144 ./Core/Src/main.o
                0x00000000080004cc                main
 .text.HAL_MspInit
                0x0000000008000610       0x30 ./Core/Src/stm32f3xx_hal_msp.o
                0x0000000008000610                HAL_MspInit
 .text.HAL_CAN_MspInit
                0x0000000008000640       0x7c ./Core/Src/stm32f3xx_hal_msp.o
                0x0000000008000640                HAL_CAN_MspInit
 .text.NMI_Handler
                0x00000000080006bc        0x4 ./Core/Src/stm32f3xx_it.o
                0x00000000080006bc                NMI_Handler
 .text.HardFault_Handler
                0x00000000080006c0        0x4 ./Core/Src/stm32f3xx_it.o
                0x00000000080006c0                HardFault_Handler
 .text.MemManage_Handler
                0x00000000080006c4        0x4 ./Core/Src/stm32f3xx_it.o
                0x00000000080006c4                MemManage_Handler
 .text.BusFault_Handler
                0x00000000080006c8        0x4 ./Core/Src/stm32f3xx_it.o
                0x00000000080006c8                BusFault_Handler
 .text.UsageFault_Handler
                0x00000000080006cc        0x4 ./Core/Src/stm32f3xx_it.o
                0x00000000080006cc                UsageFault_Handler
 .text.SVC_Handler
                0x00000000080006d0        0x4 ./Core/Src/stm32f3xx_it.o
                0x00000000080006d0                SVC_Handler
 .text.DebugMon_Handler
                0x00000000080006d4        0x4 ./Core/Src/stm32f3xx_it.o
                0x00000000080006d4                DebugMon_Handler
 .text.PendSV_Handler
                0x00000000080006d8        0x4 ./Core/Src/stm32f3xx_it.o
                0x00000000080006d8                PendSV_Handler
 .text.SysTick_Handler
                0x00000000080006dc        0x4 ./Core/Src/stm32f3xx_it.o
                0x00000000080006dc                SysTick_Handler
 .text.EXTI1_IRQHandler
                0x00000000080006e0        0x8 ./Core/Src/stm32f3xx_it.o
                0x00000000080006e0                EXTI1_IRQHandler
 .text.USB_LP_CAN_RX0_IRQHandler
                0x00000000080006e8       0x18 ./Core/Src/stm32f3xx_it.o
                0x00000000080006e8                USB_LP_CAN_RX0_IRQHandler
 .text.USB_LP_IRQHandler
                0x0000000008000700        0xc ./Core/Src/stm32f3xx_it.o
                0x0000000008000700                USB_LP_IRQHandler
 .text.SystemInit
                0x000000000800070c       0x14 ./Core/Src/system_stm32f3xx.o
                0x000000000800070c                SystemInit
 .text.main_cpp
                0x0000000008000720       0x80 ./Core/Src/usbcan_main.o
                0x0000000008000720                main_cpp
 .text.HAL_CAN_RxFifo0MsgPendingCallback
                0x00000000080007a0       0x28 ./Core/Src/user_if.o
                0x00000000080007a0                HAL_CAN_RxFifo0MsgPendingCallback
 .text.HAL_GPIO_EXTI_Callback
                0x00000000080007c8       0x3c ./Core/Src/user_if.o
                0x00000000080007c8                HAL_GPIO_EXTI_Callback
 .text.Reset_Handler
                0x0000000008000804       0x50 ./Core/Startup/startup_stm32f302cbtx.o
                0x0000000008000804                Reset_Handler
 .text.Default_Handler
                0x0000000008000854        0x2 ./Core/Startup/startup_stm32f302cbtx.o
                0x0000000008000854                RTC_Alarm_IRQHandler
                0x0000000008000854                TIM1_CC_IRQHandler
                0x0000000008000854                USB_HP_IRQHandler
                0x0000000008000854                PVD_IRQHandler
                0x0000000008000854                TAMP_STAMP_IRQHandler
                0x0000000008000854                EXTI3_IRQHandler
                0x0000000008000854                USB_HP_CAN_TX_IRQHandler
                0x0000000008000854                EXTI0_IRQHandler
                0x0000000008000854                I2C2_EV_IRQHandler
                0x0000000008000854                FPU_IRQHandler
                0x0000000008000854                TIM1_UP_TIM16_IRQHandler
                0x0000000008000854                ADC1_2_IRQHandler
                0x0000000008000854                SPI1_IRQHandler
                0x0000000008000854                CAN_SCE_IRQHandler
                0x0000000008000854                TIM6_DAC_IRQHandler
                0x0000000008000854                DMA2_Channel2_IRQHandler
                0x0000000008000854                DMA1_Channel4_IRQHandler
                0x0000000008000854                USART3_IRQHandler
                0x0000000008000854                DMA1_Channel7_IRQHandler
                0x0000000008000854                UART5_IRQHandler
                0x0000000008000854                TIM4_IRQHandler
                0x0000000008000854                CAN_RX1_IRQHandler
                0x0000000008000854                DMA2_Channel1_IRQHandler
                0x0000000008000854                I2C1_EV_IRQHandler
                0x0000000008000854                DMA1_Channel6_IRQHandler
                0x0000000008000854                UART4_IRQHandler
                0x0000000008000854                DMA2_Channel4_IRQHandler
                0x0000000008000854                TIM3_IRQHandler
                0x0000000008000854                RCC_IRQHandler
                0x0000000008000854                DMA1_Channel1_IRQHandler
                0x0000000008000854                Default_Handler
                0x0000000008000854                USBWakeUp_RMP_IRQHandler
                0x0000000008000854                EXTI15_10_IRQHandler
                0x0000000008000854                EXTI9_5_IRQHandler
                0x0000000008000854                RTC_WKUP_IRQHandler
                0x0000000008000854                SPI2_IRQHandler
                0x0000000008000854                DMA2_Channel5_IRQHandler
                0x0000000008000854                DMA1_Channel5_IRQHandler
                0x0000000008000854                EXTI4_IRQHandler
                0x0000000008000854                COMP1_2_IRQHandler
                0x0000000008000854                TIM1_TRG_COM_TIM17_IRQHandler
                0x0000000008000854                DMA1_Channel3_IRQHandler
                0x0000000008000854                WWDG_IRQHandler
                0x0000000008000854                TIM2_IRQHandler
                0x0000000008000854                COMP4_6_IRQHandler
                0x0000000008000854                USART2_IRQHandler
                0x0000000008000854                I2C2_ER_IRQHandler
                0x0000000008000854                DMA1_Channel2_IRQHandler
                0x0000000008000854                FLASH_IRQHandler
                0x0000000008000854                USART1_IRQHandler
                0x0000000008000854                SPI3_IRQHandler
                0x0000000008000854                I2C1_ER_IRQHandler
                0x0000000008000854                USBWakeUp_IRQHandler
                0x0000000008000854                DMA2_Channel3_IRQHandler
                0x0000000008000854                EXTI2_TSC_IRQHandler
                0x0000000008000854                TIM1_BRK_TIM15_IRQHandler
 *fill*         0x0000000008000856        0x2 
 .text.HAL_InitTick
                0x0000000008000858       0x48 ./Drivers/STM32F3xx_HAL_Driver/Src/stm32f3xx_hal.o
                0x0000000008000858                HAL_InitTick
 .text.HAL_Init
                0x00000000080008a0       0x24 ./Drivers/STM32F3xx_HAL_Driver/Src/stm32f3xx_hal.o
                0x00000000080008a0                HAL_Init
 .text.HAL_IncTick
                0x00000000080008c4       0x18 ./Drivers/STM32F3xx_HAL_Driver/Src/stm32f3xx_hal.o
                0x00000000080008c4                HAL_IncTick
 .text.HAL_GetTick
                0x00000000080008dc        0xc ./Drivers/STM32F3xx_HAL_Driver/Src/stm32f3xx_hal.o
                0x00000000080008dc                HAL_GetTick
 .text.HAL_CAN_Init
                0x00000000080008e8      0x100 ./Drivers/STM32F3xx_HAL_Driver/Src/stm32f3xx_hal_can.o
                0x00000000080008e8                HAL_CAN_Init
 .text.HAL_CAN_ConfigFilter
                0x00000000080009e8       0xf0 ./Drivers/STM32F3xx_HAL_Driver/Src/stm32f3xx_hal_can.o
                0x00000000080009e8                HAL_CAN_ConfigFilter
 .text.HAL_CAN_Start
                0x0000000008000ad8       0x64 ./Drivers/STM32F3xx_HAL_Driver/Src/stm32f3xx_hal_can.o
                0x0000000008000ad8                HAL_CAN_Start
 .text.HAL_CAN_AddTxMessage
                0x0000000008000b3c       0xb0 ./Drivers/STM32F3xx_HAL_Driver/Src/stm32f3xx_hal_can.o
                0x0000000008000b3c                HAL_CAN_AddTxMessage
 .text.HAL_CAN_GetTxMailboxesFreeLevel
                0x0000000008000bec       0x28 ./Drivers/STM32F3xx_HAL_Driver/Src/stm32f3xx_hal_can.o
                0x0000000008000bec                HAL_CAN_GetTxMailboxesFreeLevel
 .text.HAL_CAN_GetRxMessage
                0x0000000008000c14      0x120 ./Drivers/STM32F3xx_HAL_Driver/Src/stm32f3xx_hal_can.o
                0x0000000008000c14                HAL_CAN_GetRxMessage
 .text.HAL_CAN_ActivateNotification
                0x0000000008000d34       0x24 ./Drivers/STM32F3xx_HAL_Driver/Src/stm32f3xx_hal_can.o
                0x0000000008000d34                HAL_CAN_ActivateNotification
 .text.HAL_CAN_TxMailbox0CompleteCallback
                0x0000000008000d58        0x4 ./Drivers/STM32F3xx_HAL_Driver/Src/stm32f3xx_hal_can.o
                0x0000000008000d58                HAL_CAN_TxMailbox0CompleteCallback
 .text.HAL_CAN_TxMailbox1CompleteCallback
                0x0000000008000d5c        0x4 ./Drivers/STM32F3xx_HAL_Driver/Src/stm32f3xx_hal_can.o
                0x0000000008000d5c                HAL_CAN_TxMailbox1CompleteCallback
 .text.HAL_CAN_TxMailbox2CompleteCallback
                0x0000000008000d60        0x4 ./Drivers/STM32F3xx_HAL_Driver/Src/stm32f3xx_hal_can.o
                0x0000000008000d60                HAL_CAN_TxMailbox2CompleteCallback
 .text.HAL_CAN_TxMailbox0AbortCallback
                0x0000000008000d64        0x4 ./Drivers/STM32F3xx_HAL_Driver/Src/stm32f3xx_hal_can.o
                0x0000000008000d64                HAL_CAN_TxMailbox0AbortCallback
 .text.HAL_CAN_TxMailbox1AbortCallback
                0x0000000008000d68        0x4 ./Drivers/STM32F3xx_HAL_Driver/Src/stm32f3xx_hal_can.o
                0x0000000008000d68                HAL_CAN_TxMailbox1AbortCallback
 .text.HAL_CAN_TxMailbox2AbortCallback
                0x0000000008000d6c        0x4 ./Drivers/STM32F3xx_HAL_Driver/Src/stm32f3xx_hal_can.o
                0x0000000008000d6c                HAL_CAN_TxMailbox2AbortCallback
 .text.HAL_CAN_RxFifo0FullCallback
                0x0000000008000d70        0x4 ./Drivers/STM32F3xx_HAL_Driver/Src/stm32f3xx_hal_can.o
                0x0000000008000d70                HAL_CAN_RxFifo0FullCallback
 .text.HAL_CAN_RxFifo1MsgPendingCallback
                0x0000000008000d74        0x4 ./Drivers/STM32F3xx_HAL_Driver/Src/stm32f3xx_hal_can.o
                0x0000000008000d74                HAL_CAN_RxFifo1MsgPendingCallback
 .text.HAL_CAN_RxFifo1FullCallback
                0x0000000008000d78        0x4 ./Drivers/STM32F3xx_HAL_Driver/Src/stm32f3xx_hal_can.o
                0x0000000008000d78                HAL_CAN_RxFifo1FullCallback
 .text.HAL_CAN_SleepCallback
                0x0000000008000d7c        0x4 ./Drivers/STM32F3xx_HAL_Driver/Src/stm32f3xx_hal_can.o
                0x0000000008000d7c                HAL_CAN_SleepCallback
 .text.HAL_CAN_WakeUpFromRxMsgCallback
                0x0000000008000d80        0x4 ./Drivers/STM32F3xx_HAL_Driver/Src/stm32f3xx_hal_can.o
                0x0000000008000d80                HAL_CAN_WakeUpFromRxMsgCallback
 .text.HAL_CAN_ErrorCallback
                0x0000000008000d84        0x4 ./Drivers/STM32F3xx_HAL_Driver/Src/stm32f3xx_hal_can.o
                0x0000000008000d84                HAL_CAN_ErrorCallback
 .text.HAL_CAN_IRQHandler
                0x0000000008000d88      0x254 ./Drivers/STM32F3xx_HAL_Driver/Src/stm32f3xx_hal_can.o
                0x0000000008000d88                HAL_CAN_IRQHandler
 .text.HAL_NVIC_SetPriorityGrouping
                0x0000000008000fdc       0x24 ./Drivers/STM32F3xx_HAL_Driver/Src/stm32f3xx_hal_cortex.o
                0x0000000008000fdc                HAL_NVIC_SetPriorityGrouping
 .text.HAL_NVIC_SetPriority
                0x0000000008001000       0x7c ./Drivers/STM32F3xx_HAL_Driver/Src/stm32f3xx_hal_cortex.o
                0x0000000008001000                HAL_NVIC_SetPriority
 .text.HAL_NVIC_EnableIRQ
                0x000000000800107c       0x1c ./Drivers/STM32F3xx_HAL_Driver/Src/stm32f3xx_hal_cortex.o
                0x000000000800107c                HAL_NVIC_EnableIRQ
 .text.HAL_SYSTICK_Config
                0x0000000008001098       0x34 ./Drivers/STM32F3xx_HAL_Driver/Src/stm32f3xx_hal_cortex.o
                0x0000000008001098                HAL_SYSTICK_Config
 .text.HAL_GPIO_Init
                0x00000000080010cc      0x1d0 ./Drivers/STM32F3xx_HAL_Driver/Src/stm32f3xx_hal_gpio.o
                0x00000000080010cc                HAL_GPIO_Init
 .text.HAL_GPIO_ReadPin
                0x000000000800129c        0xc ./Drivers/STM32F3xx_HAL_Driver/Src/stm32f3xx_hal_gpio.o
                0x000000000800129c                HAL_GPIO_ReadPin
 .text.HAL_GPIO_WritePin
                0x00000000080012a8        0xc ./Drivers/STM32F3xx_HAL_Driver/Src/stm32f3xx_hal_gpio.o
                0x00000000080012a8                HAL_GPIO_WritePin
 .text.HAL_GPIO_EXTI_IRQHandler
                0x00000000080012b4       0x18 ./Drivers/STM32F3xx_HAL_Driver/Src/stm32f3xx_hal_gpio.o
                0x00000000080012b4                HAL_GPIO_EXTI_IRQHandler
 .text.HAL_PCD_Init
                0x00000000080012cc       0xbc ./Drivers/STM32F3xx_HAL_Driver/Src/stm32f3xx_hal_pcd.o
                0x00000000080012cc                HAL_PCD_Init
 .text.HAL_PCD_Start
                0x0000000008001388       0x34 ./Drivers/STM32F3xx_HAL_Driver/Src/stm32f3xx_hal_pcd.o
                0x0000000008001388                HAL_PCD_Start
 .text.HAL_PCD_IRQHandler
                0x00000000080013bc      0xb00 ./Drivers/STM32F3xx_HAL_Driver/Src/stm32f3xx_hal_pcd.o
                0x00000000080013bc                HAL_PCD_IRQHandler
 .text.HAL_PCD_SetAddress
                0x0000000008001ebc       0x28 ./Drivers/STM32F3xx_HAL_Driver/Src/stm32f3xx_hal_pcd.o
                0x0000000008001ebc                HAL_PCD_SetAddress
 .text.HAL_PCD_EP_Open
                0x0000000008001ee4       0x6c ./Drivers/STM32F3xx_HAL_Driver/Src/stm32f3xx_hal_pcd.o
                0x0000000008001ee4                HAL_PCD_EP_Open
 .text.HAL_PCD_EP_Close
                0x0000000008001f50       0x60 ./Drivers/STM32F3xx_HAL_Driver/Src/stm32f3xx_hal_pcd.o
                0x0000000008001f50                HAL_PCD_EP_Close
 .text.HAL_PCD_EP_Receive
                0x0000000008001fb0       0x34 ./Drivers/STM32F3xx_HAL_Driver/Src/stm32f3xx_hal_pcd.o
                0x0000000008001fb0                HAL_PCD_EP_Receive
 .text.HAL_PCD_EP_GetRxCount
                0x0000000008001fe4       0x14 ./Drivers/STM32F3xx_HAL_Driver/Src/stm32f3xx_hal_pcd.o
                0x0000000008001fe4                HAL_PCD_EP_GetRxCount
 .text.HAL_PCD_EP_Transmit
                0x0000000008001ff8       0x48 ./Drivers/STM32F3xx_HAL_Driver/Src/stm32f3xx_hal_pcd.o
                0x0000000008001ff8                HAL_PCD_EP_Transmit
 .text.HAL_PCD_EP_SetStall
                0x0000000008002040       0x70 ./Drivers/STM32F3xx_HAL_Driver/Src/stm32f3xx_hal_pcd.o
                0x0000000008002040                HAL_PCD_EP_SetStall
 .text.HAL_PCD_EP_ClrStall
                0x00000000080020b0       0x74 ./Drivers/STM32F3xx_HAL_Driver/Src/stm32f3xx_hal_pcd.o
                0x00000000080020b0                HAL_PCD_EP_ClrStall
 .text.HAL_PCDEx_PMAConfig
                0x0000000008002124       0x38 ./Drivers/STM32F3xx_HAL_Driver/Src/stm32f3xx_hal_pcd_ex.o
                0x0000000008002124                HAL_PCDEx_PMAConfig
 .text.HAL_RCC_OscConfig
                0x000000000800215c      0x590 ./Drivers/STM32F3xx_HAL_Driver/Src/stm32f3xx_hal_rcc.o
                0x000000000800215c                HAL_RCC_OscConfig
 .text.HAL_RCC_ClockConfig
                0x00000000080026ec      0x1c0 ./Drivers/STM32F3xx_HAL_Driver/Src/stm32f3xx_hal_rcc.o
                0x00000000080026ec                HAL_RCC_ClockConfig
 .text.HAL_RCCEx_PeriphCLKConfig
                0x00000000080028ac      0x1f4 ./Drivers/STM32F3xx_HAL_Driver/Src/stm32f3xx_hal_rcc_ex.o
                0x00000000080028ac                HAL_RCCEx_PeriphCLKConfig
 .text.USB_EnableGlobalInt
                0x0000000008002aa0       0x14 ./Drivers/STM32F3xx_HAL_Driver/Src/stm32f3xx_ll_usb.o
                0x0000000008002aa0                USB_EnableGlobalInt
 .text.USB_DisableGlobalInt
                0x0000000008002ab4       0x14 ./Drivers/STM32F3xx_HAL_Driver/Src/stm32f3xx_ll_usb.o
                0x0000000008002ab4                USB_DisableGlobalInt
 .text.USB_DevInit
                0x0000000008002ac8       0x24 ./Drivers/STM32F3xx_HAL_Driver/Src/stm32f3xx_ll_usb.o
                0x0000000008002ac8                USB_DevInit
 .text.USB_ActivateEndpoint
                0x0000000008002aec      0x37c ./Drivers/STM32F3xx_HAL_Driver/Src/stm32f3xx_ll_usb.o
                0x0000000008002aec                USB_ActivateEndpoint
 .text.USB_DeactivateEndpoint
                0x0000000008002e68      0x1c0 ./Drivers/STM32F3xx_HAL_Driver/Src/stm32f3xx_ll_usb.o
                0x0000000008002e68                USB_DeactivateEndpoint
 .text.USB_EPStartXfer
                0x0000000008003028      0x58c ./Drivers/STM32F3xx_HAL_Driver/Src/stm32f3xx_ll_usb.o
                0x0000000008003028                USB_EPStartXfer
 .text.USB_EPSetStall
                0x00000000080035b4       0x50 ./Drivers/STM32F3xx_HAL_Driver/Src/stm32f3xx_ll_usb.o
                0x00000000080035b4                USB_EPSetStall
 .text.USB_EPClearStall
                0x0000000008003604       0xa0 ./Drivers/STM32F3xx_HAL_Driver/Src/stm32f3xx_ll_usb.o
                0x0000000008003604                USB_EPClearStall
 .text.USB_SetDevAddress
                0x00000000080036a4        0xc ./Drivers/STM32F3xx_HAL_Driver/Src/stm32f3xx_ll_usb.o
                0x00000000080036a4                USB_SetDevAddress
 .text.USB_DevConnect
                0x00000000080036b0        0x4 ./Drivers/STM32F3xx_HAL_Driver/Src/stm32f3xx_ll_usb.o
                0x00000000080036b0                USB_DevConnect
 .text.USB_ReadInterrupts
                0x00000000080036b4        0x8 ./Drivers/STM32F3xx_HAL_Driver/Src/stm32f3xx_ll_usb.o
                0x00000000080036b4                USB_ReadInterrupts
 .text.USB_WritePMA
                0x00000000080036bc       0x20 ./Drivers/STM32F3xx_HAL_Driver/Src/stm32f3xx_ll_usb.o
                0x00000000080036bc                USB_WritePMA
 .text.USB_ReadPMA
                0x00000000080036dc       0x44 ./Drivers/STM32F3xx_HAL_Driver/Src/stm32f3xx_ll_usb.o
                0x00000000080036dc                USB_ReadPMA
 .text.USBD_CDC_EP0_RxReady
                0x0000000008003720       0x2c ./Middlewares/ST/STM32_USB_Device_Library/Class/CDC/Src/usbd_cdc.o
 .text.USBD_CDC_GetFSCfgDesc
                0x000000000800374c        0xc ./Middlewares/ST/STM32_USB_Device_Library/Class/CDC/Src/usbd_cdc.o
 .text.USBD_CDC_GetHSCfgDesc
                0x0000000008003758        0xc ./Middlewares/ST/STM32_USB_Device_Library/Class/CDC/Src/usbd_cdc.o
 .text.USBD_CDC_GetOtherSpeedCfgDesc
                0x0000000008003764        0xc ./Middlewares/ST/STM32_USB_Device_Library/Class/CDC/Src/usbd_cdc.o
 .text.USBD_CDC_GetDeviceQualifierDescriptor
                0x0000000008003770        0xc ./Middlewares/ST/STM32_USB_Device_Library/Class/CDC/Src/usbd_cdc.o
                0x0000000008003770                USBD_CDC_GetDeviceQualifierDescriptor
 .text.USBD_CDC_DataOut
                0x000000000800377c       0x30 ./Middlewares/ST/STM32_USB_Device_Library/Class/CDC/Src/usbd_cdc.o
 .text.USBD_CDC_DataIn
                0x00000000080037ac       0x48 ./Middlewares/ST/STM32_USB_Device_Library/Class/CDC/Src/usbd_cdc.o
 .text.USBD_CDC_Setup
                0x00000000080037f4       0xc4 ./Middlewares/ST/STM32_USB_Device_Library/Class/CDC/Src/usbd_cdc.o
 .text.USBD_CDC_DeInit
                0x00000000080038b8       0x44 ./Middlewares/ST/STM32_USB_Device_Library/Class/CDC/Src/usbd_cdc.o
 .text.USBD_CDC_Init
                0x00000000080038fc       0xac ./Middlewares/ST/STM32_USB_Device_Library/Class/CDC/Src/usbd_cdc.o
 .text.USBD_CDC_RegisterInterface
                0x00000000080039a8       0x10 ./Middlewares/ST/STM32_USB_Device_Library/Class/CDC/Src/usbd_cdc.o
                0x00000000080039a8                USBD_CDC_RegisterInterface
 .text.USBD_CDC_SetTxBuffer
                0x00000000080039b8       0x10 ./Middlewares/ST/STM32_USB_Device_Library/Class/CDC/Src/usbd_cdc.o
                0x00000000080039b8                USBD_CDC_SetTxBuffer
 .text.USBD_CDC_SetRxBuffer
                0x00000000080039c8        0xc ./Middlewares/ST/STM32_USB_Device_Library/Class/CDC/Src/usbd_cdc.o
                0x00000000080039c8                USBD_CDC_SetRxBuffer
 .text.USBD_CDC_TransmitPacket
                0x00000000080039d4       0x34 ./Middlewares/ST/STM32_USB_Device_Library/Class/CDC/Src/usbd_cdc.o
                0x00000000080039d4                USBD_CDC_TransmitPacket
 .text.USBD_CDC_ReceivePacket
                0x0000000008003a08       0x34 ./Middlewares/ST/STM32_USB_Device_Library/Class/CDC/Src/usbd_cdc.o
                0x0000000008003a08                USBD_CDC_ReceivePacket
 .text.USBD_Init
                0x0000000008003a3c       0x2c ./Middlewares/ST/STM32_USB_Device_Library/Core/Src/usbd_core.o
                0x0000000008003a3c                USBD_Init
 .text.USBD_RegisterClass
                0x0000000008003a68       0x10 ./Middlewares/ST/STM32_USB_Device_Library/Core/Src/usbd_core.o
                0x0000000008003a68                USBD_RegisterClass
 .text.USBD_Start
                0x0000000008003a78        0xc ./Middlewares/ST/STM32_USB_Device_Library/Core/Src/usbd_core.o
                0x0000000008003a78                USBD_Start
 .text.USBD_SetClassConfig
                0x0000000008003a84       0x1c ./Middlewares/ST/STM32_USB_Device_Library/Core/Src/usbd_core.o
                0x0000000008003a84                USBD_SetClassConfig
 .text.USBD_ClrClassConfig
                0x0000000008003aa0       0x10 ./Middlewares/ST/STM32_USB_Device_Library/Core/Src/usbd_core.o
                0x0000000008003aa0                USBD_ClrClassConfig
 .text.USBD_LL_SetupStage
                0x0000000008003ab0       0x60 ./Middlewares/ST/STM32_USB_Device_Library/Core/Src/usbd_core.o
                0x0000000008003ab0                USBD_LL_SetupStage
 .text.USBD_LL_DataOutStage
                0x0000000008003b10       0x7c ./Middlewares/ST/STM32_USB_Device_Library/Core/Src/usbd_core.o
                0x0000000008003b10                USBD_LL_DataOutStage
 .text.USBD_LL_DataInStage
                0x0000000008003b8c       0xc4 ./Middlewares/ST/STM32_USB_Device_Library/Core/Src/usbd_core.o
                0x0000000008003b8c                USBD_LL_DataInStage
 .text.USBD_LL_Reset
                0x0000000008003c50       0x50 ./Middlewares/ST/STM32_USB_Device_Library/Core/Src/usbd_core.o
                0x0000000008003c50                USBD_LL_Reset
 .text.USBD_LL_SetSpeed
                0x0000000008003ca0        0x8 ./Middlewares/ST/STM32_USB_Device_Library/Core/Src/usbd_core.o
                0x0000000008003ca0                USBD_LL_SetSpeed
 .text.USBD_LL_Suspend
                0x0000000008003ca8       0x14 ./Middlewares/ST/STM32_USB_Device_Library/Core/Src/usbd_core.o
                0x0000000008003ca8                USBD_LL_Suspend
 .text.USBD_LL_Resume
                0x0000000008003cbc       0x14 ./Middlewares/ST/STM32_USB_Device_Library/Core/Src/usbd_core.o
                0x0000000008003cbc                USBD_LL_Resume
 .text.USBD_LL_SOF
                0x0000000008003cd0       0x1c ./Middlewares/ST/STM32_USB_Device_Library/Core/Src/usbd_core.o
                0x0000000008003cd0                USBD_LL_SOF
 .text.USBD_StdDevReq
                0x0000000008003cec      0x2e4 ./Middlewares/ST/STM32_USB_Device_Library/Core/Src/usbd_ctlreq.o
                0x0000000008003cec                USBD_StdDevReq
 .text.USBD_StdItfReq
                0x0000000008003fd0       0x68 ./Middlewares/ST/STM32_USB_Device_Library/Core/Src/usbd_ctlreq.o
                0x0000000008003fd0                USBD_StdItfReq
 .text.USBD_StdEPReq
                0x0000000008004038      0x130 ./Middlewares/ST/STM32_USB_Device_Library/Core/Src/usbd_ctlreq.o
                0x0000000008004038                USBD_StdEPReq
 .text.USBD_ParseSetupRequest
                0x0000000008004168       0x28 ./Middlewares/ST/STM32_USB_Device_Library/Core/Src/usbd_ctlreq.o
                0x0000000008004168                USBD_ParseSetupRequest
 .text.USBD_CtlError
                0x0000000008004190       0x18 ./Middlewares/ST/STM32_USB_Device_Library/Core/Src/usbd_ctlreq.o
                0x0000000008004190                USBD_CtlError
 .text.USBD_GetString
                0x00000000080041a8       0x54 ./Middlewares/ST/STM32_USB_Device_Library/Core/Src/usbd_ctlreq.o
                0x00000000080041a8                USBD_GetString
 .text.USBD_CtlSendData
                0x00000000080041fc       0x1c ./Middlewares/ST/STM32_USB_Device_Library/Core/Src/usbd_ioreq.o
                0x00000000080041fc                USBD_CtlSendData
 .text.USBD_CtlContinueSendData
                0x0000000008004218       0x10 ./Middlewares/ST/STM32_USB_Device_Library/Core/Src/usbd_ioreq.o
                0x0000000008004218                USBD_CtlContinueSendData
 .text.USBD_CtlPrepareRx
                0x0000000008004228       0x1c ./Middlewares/ST/STM32_USB_Device_Library/Core/Src/usbd_ioreq.o
                0x0000000008004228                USBD_CtlPrepareRx
 .text.USBD_CtlContinueRx
                0x0000000008004244       0x10 ./Middlewares/ST/STM32_USB_Device_Library/Core/Src/usbd_ioreq.o
                0x0000000008004244                USBD_CtlContinueRx
 .text.USBD_CtlSendStatus
                0x0000000008004254       0x18 ./Middlewares/ST/STM32_USB_Device_Library/Core/Src/usbd_ioreq.o
                0x0000000008004254                USBD_CtlSendStatus
 .text.USBD_CtlReceiveStatus
                0x000000000800426c       0x18 ./Middlewares/ST/STM32_USB_Device_Library/Core/Src/usbd_ioreq.o
                0x000000000800426c                USBD_CtlReceiveStatus
 .text.MX_USB_DEVICE_Init
                0x0000000008004284       0x74 ./USB_DEVICE/App/usb_device.o
                0x0000000008004284                MX_USB_DEVICE_Init
 .text.CDC_DeInit_FS
                0x00000000080042f8        0x4 ./USB_DEVICE/App/usbd_cdc_if.o
 .text.CDC_Receive_FS
                0x00000000080042fc       0xb4 ./USB_DEVICE/App/usbd_cdc_if.o
 .text.CDC_Init_FS
                0x00000000080043b0       0x28 ./USB_DEVICE/App/usbd_cdc_if.o
 .text.CDC_Control_FS
                0x00000000080043d8       0x64 ./USB_DEVICE/App/usbd_cdc_if.o
 .text.CDC_Transmit_FS
                0x000000000800443c       0x2c ./USB_DEVICE/App/usbd_cdc_if.o
                0x000000000800443c                CDC_Transmit_FS
 .text.USBD_FS_DeviceDescriptor
                0x0000000008004468        0xc ./USB_DEVICE/App/usbd_desc.o
                0x0000000008004468                USBD_FS_DeviceDescriptor
 .text.USBD_FS_LangIDStrDescriptor
                0x0000000008004474        0xc ./USB_DEVICE/App/usbd_desc.o
                0x0000000008004474                USBD_FS_LangIDStrDescriptor
 .text.USBD_FS_ManufacturerStrDescriptor
                0x0000000008004480       0x1c ./USB_DEVICE/App/usbd_desc.o
                0x0000000008004480                USBD_FS_ManufacturerStrDescriptor
 .text.USBD_FS_ProductStrDescriptor
                0x000000000800449c       0x1c ./USB_DEVICE/App/usbd_desc.o
                0x000000000800449c                USBD_FS_ProductStrDescriptor
 .text.USBD_FS_ConfigStrDescriptor
                0x00000000080044b8       0x1c ./USB_DEVICE/App/usbd_desc.o
                0x00000000080044b8                USBD_FS_ConfigStrDescriptor
 .text.USBD_FS_InterfaceStrDescriptor
                0x00000000080044d4       0x1c ./USB_DEVICE/App/usbd_desc.o
                0x00000000080044d4                USBD_FS_InterfaceStrDescriptor
 .text.USBD_FS_SerialStrDescriptor
                0x00000000080044f0      0x120 ./USB_DEVICE/App/usbd_desc.o
                0x00000000080044f0                USBD_FS_SerialStrDescriptor
 .text.HAL_PCD_MspInit
                0x0000000008004610       0x88 ./USB_DEVICE/Target/usbd_conf.o
                0x0000000008004610                HAL_PCD_MspInit
 .text.HAL_PCD_SetupStageCallback
                0x0000000008004698        0xc ./USB_DEVICE/Target/usbd_conf.o
                0x0000000008004698                HAL_PCD_SetupStageCallback
 .text.HAL_PCD_DataOutStageCallback
                0x00000000080046a4       0x14 ./USB_DEVICE/Target/usbd_conf.o
                0x00000000080046a4                HAL_PCD_DataOutStageCallback
 .text.HAL_PCD_DataInStageCallback
                0x00000000080046b8       0x14 ./USB_DEVICE/Target/usbd_conf.o
                0x00000000080046b8                HAL_PCD_DataInStageCallback
 .text.HAL_PCD_SOFCallback
                0x00000000080046cc        0x8 ./USB_DEVICE/Target/usbd_conf.o
                0x00000000080046cc                HAL_PCD_SOFCallback
 .text.HAL_PCD_ResetCallback
                0x00000000080046d4       0x24 ./USB_DEVICE/Target/usbd_conf.o
                0x00000000080046d4                HAL_PCD_ResetCallback
 .text.HAL_PCD_SuspendCallback
                0x00000000080046f8       0x20 ./USB_DEVICE/Target/usbd_conf.o
                0x00000000080046f8                HAL_PCD_SuspendCallback
 .text.HAL_PCD_ResumeCallback
                0x0000000008004718        0x8 ./USB_DEVICE/Target/usbd_conf.o
                0x0000000008004718                HAL_PCD_ResumeCallback
 .text.USBD_LL_Init
                0x0000000008004720       0x88 ./USB_DEVICE/Target/usbd_conf.o
                0x0000000008004720                USBD_LL_Init
 .text.USBD_LL_Start
                0x00000000080047a8       0x1c ./USB_DEVICE/Target/usbd_conf.o
                0x00000000080047a8                USBD_LL_Start
 .text.USBD_LL_OpenEP
                0x00000000080047c4       0x20 ./USB_DEVICE/Target/usbd_conf.o
                0x00000000080047c4                USBD_LL_OpenEP
 .text.USBD_LL_CloseEP
                0x00000000080047e4       0x1c ./USB_DEVICE/Target/usbd_conf.o
                0x00000000080047e4                USBD_LL_CloseEP
 .text.USBD_LL_StallEP
                0x0000000008004800       0x1c ./USB_DEVICE/Target/usbd_conf.o
                0x0000000008004800                USBD_LL_StallEP
 .text.USBD_LL_ClearStallEP
                0x000000000800481c       0x1c ./USB_DEVICE/Target/usbd_conf.o
                0x000000000800481c                USBD_LL_ClearStallEP
 .text.USBD_LL_IsStallEP
                0x0000000008004838       0x28 ./USB_DEVICE/Target/usbd_conf.o
                0x0000000008004838                USBD_LL_IsStallEP
 .text.USBD_LL_SetUSBAddress
                0x0000000008004860       0x1c ./USB_DEVICE/Target/usbd_conf.o
                0x0000000008004860                USBD_LL_SetUSBAddress
 .text.USBD_LL_Transmit
                0x000000000800487c       0x1c ./USB_DEVICE/Target/usbd_conf.o
                0x000000000800487c                USBD_LL_Transmit
 .text.USBD_LL_PrepareReceive
                0x0000000008004898       0x1c ./USB_DEVICE/Target/usbd_conf.o
                0x0000000008004898                USBD_LL_PrepareReceive
 .text.USBD_LL_GetRxDataSize
                0x00000000080048b4        0x8 ./USB_DEVICE/Target/usbd_conf.o
                0x00000000080048b4                USBD_LL_GetRxDataSize
 .text.USBD_static_malloc
                0x00000000080048bc        0x8 ./USB_DEVICE/Target/usbd_conf.o
                0x00000000080048bc                USBD_static_malloc
 .text.USBD_static_free
                0x00000000080048c4        0x4 ./USB_DEVICE/Target/usbd_conf.o
                0x00000000080048c4                USBD_static_free
 .text.HAL_PCDEx_SetConnectionState
                0x00000000080048c8       0x20 ./USB_DEVICE/Target/usbd_conf.o
                0x00000000080048c8                HAL_PCDEx_SetConnectionState
 .text.memset   0x00000000080048e8       0x10 C:/ST/STM32CubeIDE_1.9.0/STM32CubeIDE/plugins/com.st.stm32cube.ide.mcu.externaltools.gnu-tools-for-stm32.11.3.rel1.win32_1.1.1.202309131626/tools/bin/../lib/gcc/arm-none-eabi/11.3.1/../../../../arm-none-eabi/lib/thumb/v7e-m+fp/hard\libc_nano.a(libc_a-memset.o)
                0x00000000080048e8                memset
 .text.__libc_init_array
                0x00000000080048f8       0x48 C:/ST/STM32CubeIDE_1.9.0/STM32CubeIDE/plugins/com.st.stm32cube.ide.mcu.externaltools.gnu-tools-for-stm32.11.3.rel1.win32_1.1.1.202309131626/tools/bin/../lib/gcc/arm-none-eabi/11.3.1/../../../../arm-none-eabi/lib/thumb/v7e-m+fp/hard\libc_nano.a(libc_a-init.o)
                0x00000000080048f8                __libc_init_array
 *(.glue_7)
 .glue_7        0x0000000008004940        0x0 linker stubs
 *(.glue_7t)
 .glue_7t       0x0000000008004940        0x0 linker stubs
 *(.eh_frame)
 .eh_frame      0x0000000008004940        0x0 C:/ST/STM32CubeIDE_1.9.0/STM32CubeIDE/plugins/com.st.stm32cube.ide.mcu.externaltools.gnu-tools-for-stm32.11.3.rel1.win32_1.1.1.202309131626/tools/bin/../lib/gcc/arm-none-eabi/11.3.1/thumb/v7e-m+fp/hard/crtbegin.o
 *(.init)
 .init          0x0000000008004940        0x4 C:/ST/STM32CubeIDE_1.9.0/STM32CubeIDE/plugins/com.st.stm32cube.ide.mcu.externaltools.gnu-tools-for-stm32.11.3.rel1.win32_1.1.1.202309131626/tools/bin/../lib/gcc/arm-none-eabi/11.3.1/thumb/v7e-m+fp/hard/crti.o
                0x0000000008004940                _init
 .init          0x0000000008004944        0x8 C:/ST/STM32CubeIDE_1.9.0/STM32CubeIDE/plugins/com.st.stm32cube.ide.mcu.externaltools.gnu-tools-for-stm32.11.3.rel1.win32_1.1.1.202309131626/tools/bin/../lib/gcc/arm-none-eabi/11.3.1/thumb/v7e-m+fp/hard/crtn.o
 *(.fini)
 .fini          0x000000000800494c        0x4 C:/ST/STM32CubeIDE_1.9.0/STM32CubeIDE/plugins/com.st.stm32cube.ide.mcu.externaltools.gnu-tools-for-stm32.11.3.rel1.win32_1.1.1.202309131626/tools/bin/../lib/gcc/arm-none-eabi/11.3.1/thumb/v7e-m+fp/hard/crti.o
                0x000000000800494c                _fini
 .fini          0x0000000008004950        0x8 C:/ST/STM32CubeIDE_1.9.0/STM32CubeIDE/plugins/com.st.stm32cube.ide.mcu.externaltools.gnu-tools-for-stm32.11.3.rel1.win32_1.1.1.202309131626/tools/bin/../lib/gcc/arm-none-eabi/11.3.1/thumb/v7e-m+fp/hard/crtn.o
                0x0000000008004958                . = ALIGN (0x4)
                0x0000000008004958                _etext = .

.vfp11_veneer   0x0000000008004958        0x0
 .vfp11_veneer  0x0000000008004958        0x0 linker stubs

.v4_bx          0x0000000008004958        0x0
 .v4_bx         0x0000000008004958        0x0 linker stubs

.iplt           0x0000000008004958        0x0
 .iplt          0x0000000008004958        0x0 C:/ST/STM32CubeIDE_1.9.0/STM32CubeIDE/plugins/com.st.stm32cube.ide.mcu.externaltools.gnu-tools-for-stm32.11.3.rel1.win32_1.1.1.202309131626/tools/bin/../lib/gcc/arm-none-eabi/11.3.1/thumb/v7e-m+fp/hard/crtbegin.o

.rodata         0x0000000008004958       0x6c
                0x0000000008004958                . = ALIGN (0x4)
 *(.rodata)
 *(.rodata*)
 .rodata.AHBPrescTable
                0x0000000008004958       0x10 ./Core/Src/system_stm32f3xx.o
                0x0000000008004958                AHBPrescTable
 .rodata.aPLLMULFactorTable
                0x0000000008004968       0x10 ./Drivers/STM32F3xx_HAL_Driver/Src/stm32f3xx_hal_rcc.o
 .rodata.aPredivFactorTable
                0x0000000008004978       0x10 ./Drivers/STM32F3xx_HAL_Driver/Src/stm32f3xx_hal_rcc.o
 .rodata.USBD_FS_ManufacturerStrDescriptor.str1.4
                0x0000000008004988        0x4 ./USB_DEVICE/App/usbd_desc.o
 .rodata.USBD_FS_ProductStrDescriptor.str1.4
                0x000000000800498c       0x16 ./USB_DEVICE/App/usbd_desc.o
 *fill*         0x00000000080049a2        0x2 
 .rodata.USBD_FS_ConfigStrDescriptor.str1.4
                0x00000000080049a4        0xb ./USB_DEVICE/App/usbd_desc.o
 *fill*         0x00000000080049af        0x1 
 .rodata.USBD_FS_InterfaceStrDescriptor.str1.4
                0x00000000080049b0        0xe ./USB_DEVICE/App/usbd_desc.o
 *fill*         0x00000000080049be        0x2 
 .rodata.CSWTCH.4
                0x00000000080049c0        0x4 ./USB_DEVICE/Target/usbd_conf.o
                0x00000000080049c4                . = ALIGN (0x4)

.rel.dyn        0x00000000080049c4        0x0
 .rel.iplt      0x00000000080049c4        0x0 C:/ST/STM32CubeIDE_1.9.0/STM32CubeIDE/plugins/com.st.stm32cube.ide.mcu.externaltools.gnu-tools-for-stm32.11.3.rel1.win32_1.1.1.202309131626/tools/bin/../lib/gcc/arm-none-eabi/11.3.1/thumb/v7e-m+fp/hard/crtbegin.o

.ARM.extab      0x00000000080049c4        0x0
                0x00000000080049c4                . = ALIGN (0x4)
 *(.ARM.extab* .gnu.linkonce.armextab.*)
                0x00000000080049c4                . = ALIGN (0x4)

.ARM            0x00000000080049c4        0x0
                0x00000000080049c4                . = ALIGN (0x4)
                0x00000000080049c4                __exidx_start = .
 *(.ARM.exidx*)
                0x00000000080049c4                __exidx_end = .
                0x00000000080049c4                . = ALIGN (0x4)

.preinit_array  0x00000000080049c4        0x0
                0x00000000080049c4                . = ALIGN (0x4)
                0x00000000080049c4                PROVIDE (__preinit_array_start = .)
 *(.preinit_array*)
                0x00000000080049c4                PROVIDE (__preinit_array_end = .)
                0x00000000080049c4                . = ALIGN (0x4)

.init_array     0x00000000080049c4        0x4
                0x00000000080049c4                . = ALIGN (0x4)
                0x00000000080049c4                PROVIDE (__init_array_start = .)
 *(SORT_BY_NAME(.init_array.*))
 *(.init_array*)
 .init_array    0x00000000080049c4        0x4 C:/ST/STM32CubeIDE_1.9.0/STM32CubeIDE/plugins/com.st.stm32cube.ide.mcu.externaltools.gnu-tools-for-stm32.11.3.rel1.win32_1.1.1.202309131626/tools/bin/../lib/gcc/arm-none-eabi/11.3.1/thumb/v7e-m+fp/hard/crtbegin.o
                0x00000000080049c8                PROVIDE (__init_array_end = .)
                0x00000000080049c8                . = ALIGN (0x4)

.fini_array     0x00000000080049c8        0x4
                0x00000000080049c8                . = ALIGN (0x4)
                [!provide]                        PROVIDE (__fini_array_start = .)
 *(SORT_BY_NAME(.fini_array.*))
 *(.fini_array*)
 .fini_array    0x00000000080049c8        0x4 C:/ST/STM32CubeIDE_1.9.0/STM32CubeIDE/plugins/com.st.stm32cube.ide.mcu.externaltools.gnu-tools-for-stm32.11.3.rel1.win32_1.1.1.202309131626/tools/bin/../lib/gcc/arm-none-eabi/11.3.1/thumb/v7e-m+fp/hard/crtbegin.o
                [!provide]                        PROVIDE (__fini_array_end = .)
                0x00000000080049cc                . = ALIGN (0x4)
                0x00000000080049cc                _sidata = LOADADDR (.data)

.data           0x0000000020000000      0x1d0 load address 0x00000000080049cc
                0x0000000020000000                . = ALIGN (0x4)
                0x0000000020000000                _sdata = .
 *(.data)
 *(.data*)
 .data.HelloSLCAN_encoded.0
                0x0000000020000000        0xd ./Core/Src/can_usb.o
 *fill*         0x000000002000000d        0x3 
 .data.led_list
                0x0000000020000010       0x30 ./Core/Src/led.o
                0x0000000020000010                led_list
 .data.SystemCoreClock
                0x0000000020000040        0x4 ./Core/Src/system_stm32f3xx.o
                0x0000000020000040                SystemCoreClock
 .data.HelloSLCAN_encoded.0
                0x0000000020000044        0x4 ./Core/Src/user_if.o
 .data.HelloSLCAN_encoded.1
                0x0000000020000048        0x4 ./Core/Src/user_if.o
 .data.uwTickFreq
                0x000000002000004c        0x1 ./Drivers/STM32F3xx_HAL_Driver/Src/stm32f3xx_hal.o
                0x000000002000004c                uwTickFreq
 *fill*         0x000000002000004d        0x3 
 .data.uwTickPrio
                0x0000000020000050        0x4 ./Drivers/STM32F3xx_HAL_Driver/Src/stm32f3xx_hal.o
                0x0000000020000050                uwTickPrio
 .data.USBD_CDC
                0x0000000020000054       0x38 ./Middlewares/ST/STM32_USB_Device_Library/Class/CDC/Src/usbd_cdc.o
                0x0000000020000054                USBD_CDC
 .data.USBD_CDC_CfgFSDesc
                0x000000002000008c       0x43 ./Middlewares/ST/STM32_USB_Device_Library/Class/CDC/Src/usbd_cdc.o
                0x000000002000008c                USBD_CDC_CfgFSDesc
 *fill*         0x00000000200000cf        0x1 
 .data.USBD_CDC_CfgHSDesc
                0x00000000200000d0       0x43 ./Middlewares/ST/STM32_USB_Device_Library/Class/CDC/Src/usbd_cdc.o
                0x00000000200000d0                USBD_CDC_CfgHSDesc
 *fill*         0x0000000020000113        0x1 
 .data.USBD_CDC_DeviceQualifierDesc
                0x0000000020000114        0xa ./Middlewares/ST/STM32_USB_Device_Library/Class/CDC/Src/usbd_cdc.o
 *fill*         0x000000002000011e        0x2 
 .data.USBD_CDC_OtherSpeedCfgDesc
                0x0000000020000120       0x43 ./Middlewares/ST/STM32_USB_Device_Library/Class/CDC/Src/usbd_cdc.o
                0x0000000020000120                USBD_CDC_OtherSpeedCfgDesc
 *fill*         0x0000000020000163        0x1 
 .data.USBD_Interface_fops_FS
                0x0000000020000164       0x10 ./USB_DEVICE/App/usbd_cdc_if.o
                0x0000000020000164                USBD_Interface_fops_FS
 .data.linecoding
                0x0000000020000174        0x8 ./USB_DEVICE/App/usbd_cdc_if.o
                0x0000000020000174                linecoding
 .data.zero_count
                0x000000002000017c        0x1 ./USB_DEVICE/App/usbd_cdc_if.o
                0x000000002000017c                zero_count
 *fill*         0x000000002000017d        0x3 
 .data.FS_Desc  0x0000000020000180       0x1c ./USB_DEVICE/App/usbd_desc.o
                0x0000000020000180                FS_Desc
 .data.USBD_FS_DeviceDesc
                0x000000002000019c       0x12 ./USB_DEVICE/App/usbd_desc.o
                0x000000002000019c                USBD_FS_DeviceDesc
 *fill*         0x00000000200001ae        0x2 
 .data.USBD_LangIDDesc
                0x00000000200001b0        0x4 ./USB_DEVICE/App/usbd_desc.o
                0x00000000200001b0                USBD_LangIDDesc
 .data.USBD_StringSerial
                0x00000000200001b4       0x1a ./USB_DEVICE/App/usbd_desc.o
                0x00000000200001b4                USBD_StringSerial
 *(.RamFunc)
 *(.RamFunc*)
                0x00000000200001d0                . = ALIGN (0x4)
 *fill*         0x00000000200001ce        0x2 
                0x00000000200001d0                _edata = .

.igot.plt       0x00000000200001d0        0x0 load address 0x0000000008004b9c
 .igot.plt      0x00000000200001d0        0x0 C:/ST/STM32CubeIDE_1.9.0/STM32CubeIDE/plugins/com.st.stm32cube.ide.mcu.externaltools.gnu-tools-for-stm32.11.3.rel1.win32_1.1.1.202309131626/tools/bin/../lib/gcc/arm-none-eabi/11.3.1/thumb/v7e-m+fp/hard/crtbegin.o
                0x00000000200001d0                . = ALIGN (0x4)

.bss            0x00000000200001d0     0x127c load address 0x0000000008004b9c
                0x00000000200001d0                _sbss = .
                0x00000000200001d0                __bss_start__ = _sbss
 *(.bss)
 .bss           0x00000000200001d0       0x1c C:/ST/STM32CubeIDE_1.9.0/STM32CubeIDE/plugins/com.st.stm32cube.ide.mcu.externaltools.gnu-tools-for-stm32.11.3.rel1.win32_1.1.1.202309131626/tools/bin/../lib/gcc/arm-none-eabi/11.3.1/thumb/v7e-m+fp/hard/crtbegin.o
 *(.bss*)
 .bss.TxHeader  0x00000000200001ec       0x18 ./Core/Src/can_usb.o
                0x00000000200001ec                TxHeader
 .bss.TxMailbox
                0x0000000020000204        0x4 ./Core/Src/can_usb.o
                0x0000000020000204                TxMailbox
 .bss.hcan      0x0000000020000208       0x28 ./Core/Src/main.o
                0x0000000020000208                hcan
 .bss.uwTick    0x0000000020000230        0x4 ./Drivers/STM32F3xx_HAL_Driver/Src/stm32f3xx_hal.o
                0x0000000020000230                uwTick
 .bss.cfgidx.0  0x0000000020000234        0x1 ./Middlewares/ST/STM32_USB_Device_Library/Core/Src/usbd_ctlreq.o
 *fill*         0x0000000020000235        0x3 
 .bss.hUsbDeviceFS
                0x0000000020000238      0x2c4 ./USB_DEVICE/App/usb_device.o
                0x0000000020000238                hUsbDeviceFS
 .bss.DecodedData
                0x00000000200004fc       0x40 ./USB_DEVICE/App/usbd_cdc_if.o
                0x00000000200004fc                DecodedData
 .bss.UserRxBufferFS
                0x000000002000053c      0x400 ./USB_DEVICE/App/usbd_cdc_if.o
                0x000000002000053c                UserRxBufferFS
 .bss.UserTxBufferFS
                0x000000002000093c      0x400 ./USB_DEVICE/App/usbd_cdc_if.o
                0x000000002000093c                UserTxBufferFS
 .bss.data_index
                0x0000000020000d3c        0x1 ./USB_DEVICE/App/usbd_cdc_if.o
                0x0000000020000d3c                data_index
 .bss.is_first  0x0000000020000d3d        0x1 ./USB_DEVICE/App/usbd_cdc_if.o
                0x0000000020000d3d                is_first
 *fill*         0x0000000020000d3e        0x2 
 .bss.USBD_StrDesc
                0x0000000020000d40      0x200 ./USB_DEVICE/App/usbd_desc.o
                0x0000000020000d40                USBD_StrDesc
 .bss.hpcd_USB_FS
                0x0000000020000f40      0x2ec ./USB_DEVICE/Target/usbd_conf.o
                0x0000000020000f40                hpcd_USB_FS
 .bss.mem.0     0x000000002000122c      0x220 ./USB_DEVICE/Target/usbd_conf.o
 *(COMMON)
                0x000000002000144c                . = ALIGN (0x4)
                0x000000002000144c                _ebss = .
                0x000000002000144c                __bss_end__ = _ebss

._user_heap_stack
                0x000000002000144c     0x3004 load address 0x0000000008004b9c
                0x0000000020001450                . = ALIGN (0x8)
 *fill*         0x000000002000144c        0x4 
                [!provide]                        PROVIDE (end = .)
                0x0000000020001450                PROVIDE (_end = .)
                0x0000000020003450                . = (. + _Min_Heap_Size)
 *fill*         0x0000000020001450     0x2000 
                0x0000000020004450                . = (. + _Min_Stack_Size)
 *fill*         0x0000000020003450     0x1000 
                0x0000000020004450                . = ALIGN (0x8)

/DISCARD/
 libc.a(*)
 libm.a(*)
 libgcc.a(*)

.ARM.attributes
                0x0000000000000000       0x30
 *(.ARM.attributes)
 .ARM.attributes
                0x0000000000000000       0x1e C:/ST/STM32CubeIDE_1.9.0/STM32CubeIDE/plugins/com.st.stm32cube.ide.mcu.externaltools.gnu-tools-for-stm32.11.3.rel1.win32_1.1.1.202309131626/tools/bin/../lib/gcc/arm-none-eabi/11.3.1/thumb/v7e-m+fp/hard/crti.o
 .ARM.attributes
                0x000000000000001e       0x34 C:/ST/STM32CubeIDE_1.9.0/STM32CubeIDE/plugins/com.st.stm32cube.ide.mcu.externaltools.gnu-tools-for-stm32.11.3.rel1.win32_1.1.1.202309131626/tools/bin/../lib/gcc/arm-none-eabi/11.3.1/thumb/v7e-m+fp/hard/crtbegin.o
 .ARM.attributes
                0x0000000000000052       0x34 ./Core/Src/can_usb.o
 .ARM.attributes
                0x0000000000000086       0x34 ./Core/Src/led.o
 .ARM.attributes
                0x00000000000000ba       0x34 ./Core/Src/main.o
 .ARM.attributes
                0x00000000000000ee       0x34 ./Core/Src/stm32f3xx_hal_msp.o
 .ARM.attributes
                0x0000000000000122       0x34 ./Core/Src/stm32f3xx_it.o
 .ARM.attributes
                0x0000000000000156       0x34 ./Core/Src/system_stm32f3xx.o
 .ARM.attributes
                0x000000000000018a       0x34 ./Core/Src/usbcan_main.o
 .ARM.attributes
                0x00000000000001be       0x34 ./Core/Src/user_if.o
 .ARM.attributes
                0x00000000000001f2       0x21 ./Core/Startup/startup_stm32f302cbtx.o
 .ARM.attributes
                0x0000000000000213       0x34 ./Drivers/STM32F3xx_HAL_Driver/Src/stm32f3xx_hal.o
 .ARM.attributes
                0x0000000000000247       0x34 ./Drivers/STM32F3xx_HAL_Driver/Src/stm32f3xx_hal_can.o
 .ARM.attributes
                0x000000000000027b       0x34 ./Drivers/STM32F3xx_HAL_Driver/Src/stm32f3xx_hal_cortex.o
 .ARM.attributes
                0x00000000000002af       0x34 ./Drivers/STM32F3xx_HAL_Driver/Src/stm32f3xx_hal_gpio.o
 .ARM.attributes
                0x00000000000002e3       0x34 ./Drivers/STM32F3xx_HAL_Driver/Src/stm32f3xx_hal_pcd.o
 .ARM.attributes
                0x0000000000000317       0x34 ./Drivers/STM32F3xx_HAL_Driver/Src/stm32f3xx_hal_pcd_ex.o
 .ARM.attributes
                0x000000000000034b       0x34 ./Drivers/STM32F3xx_HAL_Driver/Src/stm32f3xx_hal_rcc.o
 .ARM.attributes
                0x000000000000037f       0x34 ./Drivers/STM32F3xx_HAL_Driver/Src/stm32f3xx_hal_rcc_ex.o
 .ARM.attributes
                0x00000000000003b3       0x34 ./Drivers/STM32F3xx_HAL_Driver/Src/stm32f3xx_ll_usb.o
 .ARM.attributes
                0x00000000000003e7       0x34 ./Middlewares/ST/STM32_USB_Device_Library/Class/CDC/Src/usbd_cdc.o
 .ARM.attributes
                0x000000000000041b       0x34 ./Middlewares/ST/STM32_USB_Device_Library/Core/Src/usbd_core.o
 .ARM.attributes
                0x000000000000044f       0x34 ./Middlewares/ST/STM32_USB_Device_Library/Core/Src/usbd_ctlreq.o
 .ARM.attributes
                0x0000000000000483       0x34 ./Middlewares/ST/STM32_USB_Device_Library/Core/Src/usbd_ioreq.o
 .ARM.attributes
                0x00000000000004b7       0x34 ./USB_DEVICE/App/usb_device.o
 .ARM.attributes
                0x00000000000004eb       0x34 ./USB_DEVICE/App/usbd_cdc_if.o
 .ARM.attributes
                0x000000000000051f       0x34 ./USB_DEVICE/App/usbd_desc.o
 .ARM.attributes
                0x0000000000000553       0x34 ./USB_DEVICE/Target/usbd_conf.o
 .ARM.attributes
                0x0000000000000587       0x34 C:/ST/STM32CubeIDE_1.9.0/STM32CubeIDE/plugins/com.st.stm32cube.ide.mcu.externaltools.gnu-tools-for-stm32.11.3.rel1.win32_1.1.1.202309131626/tools/bin/../lib/gcc/arm-none-eabi/11.3.1/../../../../arm-none-eabi/lib/thumb/v7e-m+fp/hard\libc_nano.a(libc_a-memset.o)
 .ARM.attributes
                0x00000000000005bb       0x34 C:/ST/STM32CubeIDE_1.9.0/STM32CubeIDE/plugins/com.st.stm32cube.ide.mcu.externaltools.gnu-tools-for-stm32.11.3.rel1.win32_1.1.1.202309131626/tools/bin/../lib/gcc/arm-none-eabi/11.3.1/../../../../arm-none-eabi/lib/thumb/v7e-m+fp/hard\libc_nano.a(libc_a-init.o)
 .ARM.attributes
                0x00000000000005ef       0x1e C:/ST/STM32CubeIDE_1.9.0/STM32CubeIDE/plugins/com.st.stm32cube.ide.mcu.externaltools.gnu-tools-for-stm32.11.3.rel1.win32_1.1.1.202309131626/tools/bin/../lib/gcc/arm-none-eabi/11.3.1/thumb/v7e-m+fp/hard/crtn.o
OUTPUT(usbcan_fw_v2.elf elf32-littlearm)
LOAD linker stubs
LOAD C:/ST/STM32CubeIDE_1.9.0/STM32CubeIDE/plugins/com.st.stm32cube.ide.mcu.externaltools.gnu-tools-for-stm32.11.3.rel1.win32_1.1.1.202309131626/tools/bin/../lib/gcc/arm-none-eabi/11.3.1/../../../../arm-none-eabi/lib/thumb/v7e-m+fp/hard\libc.a
LOAD C:/ST/STM32CubeIDE_1.9.0/STM32CubeIDE/plugins/com.st.stm32cube.ide.mcu.externaltools.gnu-tools-for-stm32.11.3.rel1.win32_1.1.1.202309131626/tools/bin/../lib/gcc/arm-none-eabi/11.3.1/../../../../arm-none-eabi/lib/thumb/v7e-m+fp/hard\libm.a
LOAD C:/ST/STM32CubeIDE_1.9.0/STM32CubeIDE/plugins/com.st.stm32cube.ide.mcu.externaltools.gnu-tools-for-stm32.11.3.rel1.win32_1.1.1.202309131626/tools/bin/../lib/gcc/arm-none-eabi/11.3.1/thumb/v7e-m+fp/hard\libgcc.a

.comment        0x0000000000000000       0x43
 .comment       0x0000000000000000       0x43 C:/ST/STM32CubeIDE_1.9.0/STM32CubeIDE/plugins/com.st.stm32cube.ide.mcu.externaltools.gnu-tools-for-stm32.11.3.rel1.win32_1.1.1.202309131626/tools/bin/../lib/gcc/arm-none-eabi/11.3.1/thumb/v7e-m+fp/hard/crtbegin.o
                                         0x44 (size before relaxing)
 .comment       0x0000000000000043       0x44 ./Core/Src/can_usb.o
 .comment       0x0000000000000043       0x44 ./Core/Src/led.o
 .comment       0x0000000000000043       0x44 ./Core/Src/main.o
 .comment       0x0000000000000043       0x44 ./Core/Src/stm32f3xx_hal_msp.o
 .comment       0x0000000000000043       0x44 ./Core/Src/stm32f3xx_it.o
 .comment       0x0000000000000043       0x44 ./Core/Src/system_stm32f3xx.o
 .comment       0x0000000000000043       0x44 ./Core/Src/usbcan_main.o
 .comment       0x0000000000000043       0x44 ./Core/Src/user_if.o
 .comment       0x0000000000000043       0x44 ./Drivers/STM32F3xx_HAL_Driver/Src/stm32f3xx_hal.o
 .comment       0x0000000000000043       0x44 ./Drivers/STM32F3xx_HAL_Driver/Src/stm32f3xx_hal_can.o
 .comment       0x0000000000000043       0x44 ./Drivers/STM32F3xx_HAL_Driver/Src/stm32f3xx_hal_cortex.o
 .comment       0x0000000000000043       0x44 ./Drivers/STM32F3xx_HAL_Driver/Src/stm32f3xx_hal_gpio.o
 .comment       0x0000000000000043       0x44 ./Drivers/STM32F3xx_HAL_Driver/Src/stm32f3xx_hal_pcd.o
 .comment       0x0000000000000043       0x44 ./Drivers/STM32F3xx_HAL_Driver/Src/stm32f3xx_hal_pcd_ex.o
 .comment       0x0000000000000043       0x44 ./Drivers/STM32F3xx_HAL_Driver/Src/stm32f3xx_hal_rcc.o
 .comment       0x0000000000000043       0x44 ./Drivers/STM32F3xx_HAL_Driver/Src/stm32f3xx_hal_rcc_ex.o
 .comment       0x0000000000000043       0x44 ./Drivers/STM32F3xx_HAL_Driver/Src/stm32f3xx_ll_usb.o
 .comment       0x0000000000000043       0x44 ./Middlewares/ST/STM32_USB_Device_Library/Class/CDC/Src/usbd_cdc.o
 .comment       0x0000000000000043       0x44 ./Middlewares/ST/STM32_USB_Device_Library/Core/Src/usbd_core.o
 .comment       0x0000000000000043       0x44 ./Middlewares/ST/STM32_USB_Device_Library/Core/Src/usbd_ctlreq.o
 .comment       0x0000000000000043       0x44 ./Middlewares/ST/STM32_USB_Device_Library/Core/Src/usbd_ioreq.o
 .comment       0x0000000000000043       0x44 ./USB_DEVICE/App/usb_device.o
 .comment       0x0000000000000043       0x44 ./USB_DEVICE/App/usbd_cdc_if.o
 .comment       0x0000000000000043       0x44 ./USB_DEVICE/App/usbd_desc.o
 .comment       0x0000000000000043       0x44 ./USB_DEVICE/Target/usbd_conf.o

.debug_info     0x0000000000000000    0x14b0e
 .debug_info    0x0000000000000000      0x970 ./Core/Src/can_usb.o
 .debug_info    0x0000000000000970      0x2bf ./Core/Src/led.o
 .debug_info    0x0000000000000c2f      0xfec ./Core/Src/main.o
 .debug_info    0x0000000000001c1b      0x96c ./Core/Src/stm32f3xx_hal_msp.o
 .debug_info    0x0000000000002587      0xa76 ./Core/Src/stm32f3xx_it.o
 .debug_info    0x0000000000002ffd      0x41b ./Core/Src/system_stm32f3xx.o
 .debug_info    0x0000000000003418     0x10b8 ./Core/Src/usbcan_main.o
 .debug_info    0x00000000000044d0      0x80d ./Core/Src/user_if.o
 .debug_info    0x0000000000004cdd       0x23 ./Core/Startup/startup_stm32f302cbtx.o
 .debug_info    0x0000000000004d00      0x87c ./Drivers/STM32F3xx_HAL_Driver/Src/stm32f3xx_hal.o
 .debug_info    0x000000000000557c     0x11c2 ./Drivers/STM32F3xx_HAL_Driver/Src/stm32f3xx_hal_can.o
 .debug_info    0x000000000000673e      0xeb5 ./Drivers/STM32F3xx_HAL_Driver/Src/stm32f3xx_hal_cortex.o
 .debug_info    0x00000000000075f3      0x63c ./Drivers/STM32F3xx_HAL_Driver/Src/stm32f3xx_hal_gpio.o
 .debug_info    0x0000000000007c2f     0x1d92 ./Drivers/STM32F3xx_HAL_Driver/Src/stm32f3xx_hal_pcd.o
 .debug_info    0x00000000000099c1      0x6ae ./Drivers/STM32F3xx_HAL_Driver/Src/stm32f3xx_hal_pcd_ex.o
 .debug_info    0x000000000000a06f     0x164c ./Drivers/STM32F3xx_HAL_Driver/Src/stm32f3xx_hal_rcc.o
 .debug_info    0x000000000000b6bb      0x75d ./Drivers/STM32F3xx_HAL_Driver/Src/stm32f3xx_hal_rcc_ex.o
 .debug_info    0x000000000000be18     0x1bd2 ./Drivers/STM32F3xx_HAL_Driver/Src/stm32f3xx_ll_usb.o
 .debug_info    0x000000000000d9ea     0x1371 ./Middlewares/ST/STM32_USB_Device_Library/Class/CDC/Src/usbd_cdc.o
 .debug_info    0x000000000000ed5b      0xd8c ./Middlewares/ST/STM32_USB_Device_Library/Core/Src/usbd_core.o
 .debug_info    0x000000000000fae7      0xf0a ./Middlewares/ST/STM32_USB_Device_Library/Core/Src/usbd_ctlreq.o
 .debug_info    0x00000000000109f1      0x7b5 ./Middlewares/ST/STM32_USB_Device_Library/Core/Src/usbd_ioreq.o
 .debug_info    0x00000000000111a6      0x708 ./USB_DEVICE/App/usb_device.o
 .debug_info    0x00000000000118ae      0xb03 ./USB_DEVICE/App/usbd_cdc_if.o
 .debug_info    0x00000000000123b1      0x63f ./USB_DEVICE/App/usbd_desc.o
 .debug_info    0x00000000000129f0     0x211e ./USB_DEVICE/Target/usbd_conf.o

.debug_abbrev   0x0000000000000000     0x44ce
 .debug_abbrev  0x0000000000000000      0x307 ./Core/Src/can_usb.o
 .debug_abbrev  0x0000000000000307      0x1eb ./Core/Src/led.o
 .debug_abbrev  0x00000000000004f2      0x34f ./Core/Src/main.o
 .debug_abbrev  0x0000000000000841      0x209 ./Core/Src/stm32f3xx_hal_msp.o
 .debug_abbrev  0x0000000000000a4a      0x26f ./Core/Src/stm32f3xx_it.o
 .debug_abbrev  0x0000000000000cb9      0x120 ./Core/Src/system_stm32f3xx.o
 .debug_abbrev  0x0000000000000dd9      0x2bc ./Core/Src/usbcan_main.o
 .debug_abbrev  0x0000000000001095      0x248 ./Core/Src/user_if.o
 .debug_abbrev  0x00000000000012dd       0x12 ./Core/Startup/startup_stm32f302cbtx.o
 .debug_abbrev  0x00000000000012ef      0x286 ./Drivers/STM32F3xx_HAL_Driver/Src/stm32f3xx_hal.o
 .debug_abbrev  0x0000000000001575      0x322 ./Drivers/STM32F3xx_HAL_Driver/Src/stm32f3xx_hal_can.o
 .debug_abbrev  0x0000000000001897      0x382 ./Drivers/STM32F3xx_HAL_Driver/Src/stm32f3xx_hal_cortex.o
 .debug_abbrev  0x0000000000001c19      0x20d ./Drivers/STM32F3xx_HAL_Driver/Src/stm32f3xx_hal_gpio.o
 .debug_abbrev  0x0000000000001e26      0x40a ./Drivers/STM32F3xx_HAL_Driver/Src/stm32f3xx_hal_pcd.o
 .debug_abbrev  0x0000000000002230      0x1d3 ./Drivers/STM32F3xx_HAL_Driver/Src/stm32f3xx_hal_pcd_ex.o
 .debug_abbrev  0x0000000000002403      0x39c ./Drivers/STM32F3xx_HAL_Driver/Src/stm32f3xx_hal_rcc.o
 .debug_abbrev  0x000000000000279f      0x2d5 ./Drivers/STM32F3xx_HAL_Driver/Src/stm32f3xx_hal_rcc_ex.o
 .debug_abbrev  0x0000000000002a74      0x388 ./Drivers/STM32F3xx_HAL_Driver/Src/stm32f3xx_ll_usb.o
 .debug_abbrev  0x0000000000002dfc      0x328 ./Middlewares/ST/STM32_USB_Device_Library/Class/CDC/Src/usbd_cdc.o
 .debug_abbrev  0x0000000000003124      0x308 ./Middlewares/ST/STM32_USB_Device_Library/Core/Src/usbd_core.o
 .debug_abbrev  0x000000000000342c      0x3a1 ./Middlewares/ST/STM32_USB_Device_Library/Core/Src/usbd_ctlreq.o
 .debug_abbrev  0x00000000000037cd      0x1b6 ./Middlewares/ST/STM32_USB_Device_Library/Core/Src/usbd_ioreq.o
 .debug_abbrev  0x0000000000003983      0x1b6 ./USB_DEVICE/App/usb_device.o
 .debug_abbrev  0x0000000000003b39      0x350 ./USB_DEVICE/App/usbd_cdc_if.o
 .debug_abbrev  0x0000000000003e89      0x2b8 ./USB_DEVICE/App/usbd_desc.o
 .debug_abbrev  0x0000000000004141      0x38d ./USB_DEVICE/Target/usbd_conf.o

.debug_loclists
                0x0000000000000000     0x6ef3
 .debug_loclists
                0x0000000000000000      0x4bc ./Core/Src/can_usb.o
 .debug_loclists
                0x00000000000004bc       0x2f ./Core/Src/led.o
 .debug_loclists
                0x00000000000004eb       0x3a ./Core/Src/stm32f3xx_hal_msp.o
 .debug_loclists
                0x0000000000000525       0xc9 ./Core/Src/system_stm32f3xx.o
 .debug_loclists
                0x00000000000005ee       0x29 ./Core/Src/usbcan_main.o
 .debug_loclists
                0x0000000000000617       0x3a ./Core/Src/user_if.o
 .debug_loclists
                0x0000000000000651       0xe2 ./Drivers/STM32F3xx_HAL_Driver/Src/stm32f3xx_hal.o
 .debug_loclists
                0x0000000000000733      0x82c ./Drivers/STM32F3xx_HAL_Driver/Src/stm32f3xx_hal_can.o
 .debug_loclists
                0x0000000000000f5f      0x4a3 ./Drivers/STM32F3xx_HAL_Driver/Src/stm32f3xx_hal_cortex.o
 .debug_loclists
                0x0000000000001402      0x2ad ./Drivers/STM32F3xx_HAL_Driver/Src/stm32f3xx_hal_gpio.o
 .debug_loclists
                0x00000000000016af      0xfae ./Drivers/STM32F3xx_HAL_Driver/Src/stm32f3xx_hal_pcd.o
 .debug_loclists
                0x000000000000265d       0x87 ./Drivers/STM32F3xx_HAL_Driver/Src/stm32f3xx_hal_pcd_ex.o
 .debug_loclists
                0x00000000000026e4      0x8d5 ./Drivers/STM32F3xx_HAL_Driver/Src/stm32f3xx_hal_rcc.o
 .debug_loclists
                0x0000000000002fb9      0x5ca ./Drivers/STM32F3xx_HAL_Driver/Src/stm32f3xx_hal_rcc_ex.o
 .debug_loclists
                0x0000000000003583     0x183b ./Drivers/STM32F3xx_HAL_Driver/Src/stm32f3xx_ll_usb.o
 .debug_loclists
                0x0000000000004dbe      0x4bb ./Middlewares/ST/STM32_USB_Device_Library/Class/CDC/Src/usbd_cdc.o
 .debug_loclists
                0x0000000000005279      0x572 ./Middlewares/ST/STM32_USB_Device_Library/Core/Src/usbd_core.o
 .debug_loclists
                0x00000000000057eb      0x8cb ./Middlewares/ST/STM32_USB_Device_Library/Core/Src/usbd_ctlreq.o
 .debug_loclists
                0x00000000000060b6      0x198 ./Middlewares/ST/STM32_USB_Device_Library/Core/Src/usbd_ioreq.o
 .debug_loclists
                0x000000000000624e      0x16e ./USB_DEVICE/App/usbd_cdc_if.o
 .debug_loclists
                0x00000000000063bc      0x2c4 ./USB_DEVICE/App/usbd_desc.o
 .debug_loclists
                0x0000000000006680      0x873 ./USB_DEVICE/Target/usbd_conf.o

.debug_aranges  0x0000000000000000      0xa48
 .debug_aranges
                0x0000000000000000       0x30 ./Core/Src/can_usb.o
 .debug_aranges
                0x0000000000000030       0x28 ./Core/Src/led.o
 .debug_aranges
                0x0000000000000058       0x30 ./Core/Src/main.o
 .debug_aranges
                0x0000000000000088       0x30 ./Core/Src/stm32f3xx_hal_msp.o
 .debug_aranges
                0x00000000000000b8       0x68 ./Core/Src/stm32f3xx_it.o
 .debug_aranges
                0x0000000000000120       0x28 ./Core/Src/system_stm32f3xx.o
 .debug_aranges
                0x0000000000000148       0x20 ./Core/Src/usbcan_main.o
 .debug_aranges
                0x0000000000000168       0x28 ./Core/Src/user_if.o
 .debug_aranges
                0x0000000000000190       0x28 ./Core/Startup/startup_stm32f302cbtx.o
 .debug_aranges
                0x00000000000001b8       0xd8 ./Drivers/STM32F3xx_HAL_Driver/Src/stm32f3xx_hal.o
 .debug_aranges
                0x0000000000000290       0xc8 ./Drivers/STM32F3xx_HAL_Driver/Src/stm32f3xx_hal_can.o
 .debug_aranges
                0x0000000000000358       0xa8 ./Drivers/STM32F3xx_HAL_Driver/Src/stm32f3xx_hal_cortex.o
 .debug_aranges
                0x0000000000000400       0x58 ./Drivers/STM32F3xx_HAL_Driver/Src/stm32f3xx_hal_gpio.o
 .debug_aranges
                0x0000000000000458       0xd0 ./Drivers/STM32F3xx_HAL_Driver/Src/stm32f3xx_hal_pcd.o
 .debug_aranges
                0x0000000000000528       0x28 ./Drivers/STM32F3xx_HAL_Driver/Src/stm32f3xx_hal_pcd_ex.o
 .debug_aranges
                0x0000000000000550       0x88 ./Drivers/STM32F3xx_HAL_Driver/Src/stm32f3xx_hal_rcc.o
 .debug_aranges
                0x00000000000005d8       0x30 ./Drivers/STM32F3xx_HAL_Driver/Src/stm32f3xx_hal_rcc_ex.o
 .debug_aranges
                0x0000000000000608       0xb0 ./Drivers/STM32F3xx_HAL_Driver/Src/stm32f3xx_ll_usb.o
 .debug_aranges
                0x00000000000006b8       0x90 ./Middlewares/ST/STM32_USB_Device_Library/Class/CDC/Src/usbd_cdc.o
 .debug_aranges
                0x0000000000000748       0xa8 ./Middlewares/ST/STM32_USB_Device_Library/Core/Src/usbd_core.o
 .debug_aranges
                0x00000000000007f0       0x48 ./Middlewares/ST/STM32_USB_Device_Library/Core/Src/usbd_ctlreq.o
 .debug_aranges
                0x0000000000000838       0x50 ./Middlewares/ST/STM32_USB_Device_Library/Core/Src/usbd_ioreq.o
 .debug_aranges
                0x0000000000000888       0x20 ./USB_DEVICE/App/usb_device.o
 .debug_aranges
                0x00000000000008a8       0x40 ./USB_DEVICE/App/usbd_cdc_if.o
 .debug_aranges
                0x00000000000008e8       0x50 ./USB_DEVICE/App/usbd_desc.o
 .debug_aranges
                0x0000000000000938      0x110 ./USB_DEVICE/Target/usbd_conf.o

.debug_rnglists
                0x0000000000000000     0x10d9
 .debug_rnglists
                0x0000000000000000       0x7c ./Core/Src/can_usb.o
 .debug_rnglists
                0x000000000000007c       0x28 ./Core/Src/led.o
 .debug_rnglists
                0x00000000000000a4       0x6d ./Core/Src/main.o
 .debug_rnglists
                0x0000000000000111       0x46 ./Core/Src/stm32f3xx_hal_msp.o
 .debug_rnglists
                0x0000000000000157       0x49 ./Core/Src/stm32f3xx_it.o
 .debug_rnglists
                0x00000000000001a0       0x19 ./Core/Src/system_stm32f3xx.o
 .debug_rnglists
                0x00000000000001b9       0x14 ./Core/Src/usbcan_main.o
 .debug_rnglists
                0x00000000000001cd       0x31 ./Core/Src/user_if.o
 .debug_rnglists
                0x00000000000001fe       0x19 ./Core/Startup/startup_stm32f302cbtx.o
 .debug_rnglists
                0x0000000000000217       0x9d ./Drivers/STM32F3xx_HAL_Driver/Src/stm32f3xx_hal.o
 .debug_rnglists
                0x00000000000002b4       0xa8 ./Drivers/STM32F3xx_HAL_Driver/Src/stm32f3xx_hal_can.o
 .debug_rnglists
                0x000000000000035c       0xee ./Drivers/STM32F3xx_HAL_Driver/Src/stm32f3xx_hal_cortex.o
 .debug_rnglists
                0x000000000000044a       0x3f ./Drivers/STM32F3xx_HAL_Driver/Src/stm32f3xx_hal_gpio.o
 .debug_rnglists
                0x0000000000000489      0x264 ./Drivers/STM32F3xx_HAL_Driver/Src/stm32f3xx_hal_pcd.o
 .debug_rnglists
                0x00000000000006ed       0x19 ./Drivers/STM32F3xx_HAL_Driver/Src/stm32f3xx_hal_pcd_ex.o
 .debug_rnglists
                0x0000000000000706      0x238 ./Drivers/STM32F3xx_HAL_Driver/Src/stm32f3xx_hal_rcc.o
 .debug_rnglists
                0x000000000000093e       0x89 ./Drivers/STM32F3xx_HAL_Driver/Src/stm32f3xx_hal_rcc_ex.o
 .debug_rnglists
                0x00000000000009c7      0x2e9 ./Drivers/STM32F3xx_HAL_Driver/Src/stm32f3xx_ll_usb.o
 .debug_rnglists
                0x0000000000000cb0       0x69 ./Middlewares/ST/STM32_USB_Device_Library/Class/CDC/Src/usbd_cdc.o
 .debug_rnglists
                0x0000000000000d19       0x7a ./Middlewares/ST/STM32_USB_Device_Library/Core/Src/usbd_core.o
 .debug_rnglists
                0x0000000000000d93       0x8b ./Middlewares/ST/STM32_USB_Device_Library/Core/Src/usbd_ctlreq.o
 .debug_rnglists
                0x0000000000000e1e       0x37 ./Middlewares/ST/STM32_USB_Device_Library/Core/Src/usbd_ioreq.o
 .debug_rnglists
                0x0000000000000e55       0x13 ./USB_DEVICE/App/usb_device.o
 .debug_rnglists
                0x0000000000000e68       0x39 ./USB_DEVICE/App/usbd_cdc_if.o
 .debug_rnglists
                0x0000000000000ea1       0xd3 ./USB_DEVICE/App/usbd_desc.o
 .debug_rnglists
                0x0000000000000f74      0x165 ./USB_DEVICE/Target/usbd_conf.o

.debug_macro    0x0000000000000000    0x2239a
 .debug_macro   0x0000000000000000      0x39e ./Core/Src/can_usb.o
 .debug_macro   0x000000000000039e      0xaa8 ./Core/Src/can_usb.o
 .debug_macro   0x0000000000000e46      0x157 ./Core/Src/can_usb.o
 .debug_macro   0x0000000000000f9d       0x2e ./Core/Src/can_usb.o
 .debug_macro   0x0000000000000fcb       0x28 ./Core/Src/can_usb.o
 .debug_macro   0x0000000000000ff3       0x22 ./Core/Src/can_usb.o
 .debug_macro   0x0000000000001015       0x8e ./Core/Src/can_usb.o
 .debug_macro   0x00000000000010a3       0x51 ./Core/Src/can_usb.o
 .debug_macro   0x00000000000010f4      0x103 ./Core/Src/can_usb.o
 .debug_macro   0x00000000000011f7       0x6a ./Core/Src/can_usb.o
 .debug_macro   0x0000000000001261      0x1df ./Core/Src/can_usb.o
 .debug_macro   0x0000000000001440       0x1c ./Core/Src/can_usb.o
 .debug_macro   0x000000000000145c       0x22 ./Core/Src/can_usb.o
 .debug_macro   0x000000000000147e       0xd9 ./Core/Src/can_usb.o
 .debug_macro   0x0000000000001557     0x102d ./Core/Src/can_usb.o
 .debug_macro   0x0000000000002584      0x11f ./Core/Src/can_usb.o
 .debug_macro   0x00000000000026a3    0x11851 ./Core/Src/can_usb.o
 .debug_macro   0x0000000000013ef4       0x6d ./Core/Src/can_usb.o
 .debug_macro   0x0000000000013f61     0x3558 ./Core/Src/can_usb.o
 .debug_macro   0x00000000000174b9      0x174 ./Core/Src/can_usb.o
 .debug_macro   0x000000000001762d       0x55 ./Core/Src/can_usb.o
 .debug_macro   0x0000000000017682      0x961 ./Core/Src/can_usb.o
 .debug_macro   0x0000000000017fe3      0x4df ./Core/Src/can_usb.o
 .debug_macro   0x00000000000184c2      0x1b5 ./Core/Src/can_usb.o
 .debug_macro   0x0000000000018677      0x173 ./Core/Src/can_usb.o
 .debug_macro   0x00000000000187ea      0x1dc ./Core/Src/can_usb.o
 .debug_macro   0x00000000000189c6      0x1bc ./Core/Src/can_usb.o
 .debug_macro   0x0000000000018b82       0x30 ./Core/Src/can_usb.o
 .debug_macro   0x0000000000018bb2       0x3c ./Core/Src/can_usb.o
 .debug_macro   0x0000000000018bee      0x235 ./Core/Src/can_usb.o
 .debug_macro   0x0000000000018e23      0x408 ./Core/Src/can_usb.o
 .debug_macro   0x000000000001922b       0xc5 ./Core/Src/can_usb.o
 .debug_macro   0x00000000000192f0      0x21d ./Core/Src/can_usb.o
 .debug_macro   0x000000000001950d      0x22c ./Core/Src/can_usb.o
 .debug_macro   0x0000000000019739       0x5b ./Core/Src/can_usb.o
 .debug_macro   0x0000000000019794       0xa5 ./Core/Src/can_usb.o
 .debug_macro   0x0000000000019839       0x73 ./Core/Src/can_usb.o
 .debug_macro   0x00000000000198ac      0x242 ./Core/Src/can_usb.o
 .debug_macro   0x0000000000019aee       0x81 ./Core/Src/can_usb.o
 .debug_macro   0x0000000000019b6f       0xd3 ./Core/Src/can_usb.o
 .debug_macro   0x0000000000019c42      0x213 ./Core/Src/can_usb.o
 .debug_macro   0x0000000000019e55       0x52 ./Core/Src/can_usb.o
 .debug_macro   0x0000000000019ea7       0x61 ./Core/Src/can_usb.o
 .debug_macro   0x0000000000019f08       0x2a ./Core/Src/can_usb.o
 .debug_macro   0x0000000000019f32       0x43 ./Core/Src/can_usb.o
 .debug_macro   0x0000000000019f75       0x34 ./Core/Src/can_usb.o
 .debug_macro   0x0000000000019fa9       0x16 ./Core/Src/can_usb.o
 .debug_macro   0x0000000000019fbf       0x35 ./Core/Src/can_usb.o
 .debug_macro   0x0000000000019ff4      0x369 ./Core/Src/can_usb.o
 .debug_macro   0x000000000001a35d       0x10 ./Core/Src/can_usb.o
 .debug_macro   0x000000000001a36d       0x16 ./Core/Src/can_usb.o
 .debug_macro   0x000000000001a383       0x43 ./Core/Src/can_usb.o
 .debug_macro   0x000000000001a3c6       0x34 ./Core/Src/can_usb.o
 .debug_macro   0x000000000001a3fa       0x10 ./Core/Src/can_usb.o
 .debug_macro   0x000000000001a40a       0x58 ./Core/Src/can_usb.o
 .debug_macro   0x000000000001a462       0x8e ./Core/Src/can_usb.o
 .debug_macro   0x000000000001a4f0       0x1c ./Core/Src/can_usb.o
 .debug_macro   0x000000000001a50c      0x177 ./Core/Src/can_usb.o
 .debug_macro   0x000000000001a683       0x16 ./Core/Src/can_usb.o
 .debug_macro   0x000000000001a699       0x16 ./Core/Src/can_usb.o
 .debug_macro   0x000000000001a6af      0x147 ./Core/Src/can_usb.o
 .debug_macro   0x000000000001a7f6       0x16 ./Core/Src/can_usb.o
 .debug_macro   0x000000000001a80c       0x16 ./Core/Src/can_usb.o
 .debug_macro   0x000000000001a822       0x29 ./Core/Src/can_usb.o
 .debug_macro   0x000000000001a84b       0x16 ./Core/Src/can_usb.o
 .debug_macro   0x000000000001a861       0x20 ./Core/Src/can_usb.o
 .debug_macro   0x000000000001a881       0x59 ./Core/Src/can_usb.o
 .debug_macro   0x000000000001a8da      0x1c8 ./Core/Src/can_usb.o
 .debug_macro   0x000000000001aaa2       0x8f ./Core/Src/can_usb.o
 .debug_macro   0x000000000001ab31       0x10 ./Core/Src/can_usb.o
 .debug_macro   0x000000000001ab41      0x1fc ./Core/Src/led.o
 .debug_macro   0x000000000001ad3d      0x35a ./Core/Src/main.o
 .debug_macro   0x000000000001b097      0x1ec ./Core/Src/stm32f3xx_hal_msp.o
 .debug_macro   0x000000000001b283      0x200 ./Core/Src/stm32f3xx_it.o
 .debug_macro   0x000000000001b483      0x1dd ./Core/Src/system_stm32f3xx.o
 .debug_macro   0x000000000001b660      0x3f7 ./Core/Src/usbcan_main.o
 .debug_macro   0x000000000001ba57      0xb7a ./Core/Src/usbcan_main.o
 .debug_macro   0x000000000001c5d1       0x1c ./Core/Src/usbcan_main.o
 .debug_macro   0x000000000001c5ed     0x102d ./Core/Src/usbcan_main.o
 .debug_macro   0x000000000001d61a      0x17b ./Core/Src/usbcan_main.o
 .debug_macro   0x000000000001d795       0x34 ./Core/Src/usbcan_main.o
 .debug_macro   0x000000000001d7c9       0x35 ./Core/Src/usbcan_main.o
 .debug_macro   0x000000000001d7fe      0x38c ./Core/Src/usbcan_main.o
 .debug_macro   0x000000000001db8a       0x43 ./Core/Src/usbcan_main.o
 .debug_macro   0x000000000001dbcd       0x16 ./Core/Src/usbcan_main.o
 .debug_macro   0x000000000001dbe3      0x139 ./Core/Src/usbcan_main.o
 .debug_macro   0x000000000001dd1c      0x1b2 ./Core/Src/usbcan_main.o
 .debug_macro   0x000000000001dece       0x10 ./Core/Src/usbcan_main.o
 .debug_macro   0x000000000001dede      0x3ed ./Core/Src/usbcan_main.o
 .debug_macro   0x000000000001e2cb       0x10 ./Core/Src/usbcan_main.o
 .debug_macro   0x000000000001e2db       0x1c ./Core/Src/usbcan_main.o
 .debug_macro   0x000000000001e2f7       0xde ./Core/Src/usbcan_main.o
 .debug_macro   0x000000000001e3d5      0x39a ./Core/Src/user_if.o
 .debug_macro   0x000000000001e76f      0xaa8 ./Core/Src/user_if.o
 .debug_macro   0x000000000001f217      0x201 ./Drivers/STM32F3xx_HAL_Driver/Src/stm32f3xx_hal.o
 .debug_macro   0x000000000001f418      0x1e5 ./Drivers/STM32F3xx_HAL_Driver/Src/stm32f3xx_hal_can.o
 .debug_macro   0x000000000001f5fd      0x1dd ./Drivers/STM32F3xx_HAL_Driver/Src/stm32f3xx_hal_cortex.o
 .debug_macro   0x000000000001f7da      0x1e4 ./Drivers/STM32F3xx_HAL_Driver/Src/stm32f3xx_hal_gpio.o
 .debug_macro   0x000000000001f9be      0x1e9 ./Drivers/STM32F3xx_HAL_Driver/Src/stm32f3xx_hal_pcd.o
 .debug_macro   0x000000000001fba7      0x1dd ./Drivers/STM32F3xx_HAL_Driver/Src/stm32f3xx_hal_pcd_ex.o
 .debug_macro   0x000000000001fd84      0x201 ./Drivers/STM32F3xx_HAL_Driver/Src/stm32f3xx_hal_rcc.o
 .debug_macro   0x000000000001ff85      0x1dd ./Drivers/STM32F3xx_HAL_Driver/Src/stm32f3xx_hal_rcc_ex.o
 .debug_macro   0x0000000000020162      0x1dd ./Drivers/STM32F3xx_HAL_Driver/Src/stm32f3xx_ll_usb.o
 .debug_macro   0x000000000002033f      0x37b ./Middlewares/ST/STM32_USB_Device_Library/Class/CDC/Src/usbd_cdc.o
 .debug_macro   0x00000000000206ba       0x97 ./Middlewares/ST/STM32_USB_Device_Library/Class/CDC/Src/usbd_cdc.o
 .debug_macro   0x0000000000020751       0xfd ./Middlewares/ST/STM32_USB_Device_Library/Class/CDC/Src/usbd_cdc.o
 .debug_macro   0x000000000002084e       0x4f ./Middlewares/ST/STM32_USB_Device_Library/Class/CDC/Src/usbd_cdc.o
 .debug_macro   0x000000000002089d      0x362 ./Middlewares/ST/STM32_USB_Device_Library/Core/Src/usbd_core.o
 .debug_macro   0x0000000000020bff      0x1ce ./Middlewares/ST/STM32_USB_Device_Library/Core/Src/usbd_core.o
 .debug_macro   0x0000000000020dcd      0x36c ./Middlewares/ST/STM32_USB_Device_Library/Core/Src/usbd_ctlreq.o
 .debug_macro   0x0000000000021139      0x368 ./Middlewares/ST/STM32_USB_Device_Library/Core/Src/usbd_ioreq.o
 .debug_macro   0x00000000000214a1      0x39b ./USB_DEVICE/App/usb_device.o
 .debug_macro   0x000000000002183c       0x58 ./USB_DEVICE/App/usb_device.o
 .debug_macro   0x0000000000021894       0x22 ./USB_DEVICE/App/usb_device.o
 .debug_macro   0x00000000000218b6       0x16 ./USB_DEVICE/App/usb_device.o
 .debug_macro   0x00000000000218cc      0x394 ./USB_DEVICE/App/usbd_cdc_if.o
 .debug_macro   0x0000000000021c60      0x39f ./USB_DEVICE/App/usbd_desc.o
 .debug_macro   0x0000000000021fff       0x1c ./USB_DEVICE/App/usbd_desc.o
 .debug_macro   0x000000000002201b      0x37f ./USB_DEVICE/Target/usbd_conf.o

.debug_line     0x0000000000000000    0x1637f
 .debug_line    0x0000000000000000      0xf6b ./Core/Src/can_usb.o
 .debug_line    0x0000000000000f6b      0x7b4 ./Core/Src/led.o
 .debug_line    0x000000000000171f      0xc21 ./Core/Src/main.o
 .debug_line    0x0000000000002340      0x81b ./Core/Src/stm32f3xx_hal_msp.o
 .debug_line    0x0000000000002b5b      0x897 ./Core/Src/stm32f3xx_it.o
 .debug_line    0x00000000000033f2      0x7fb ./Core/Src/system_stm32f3xx.o
 .debug_line    0x0000000000003bed      0xdc8 ./Core/Src/usbcan_main.o
 .debug_line    0x00000000000049b5      0xa75 ./Core/Src/user_if.o
 .debug_line    0x000000000000542a       0x7a ./Core/Startup/startup_stm32f302cbtx.o
 .debug_line    0x00000000000054a4      0xabc ./Drivers/STM32F3xx_HAL_Driver/Src/stm32f3xx_hal.o
 .debug_line    0x0000000000005f60     0x1660 ./Drivers/STM32F3xx_HAL_Driver/Src/stm32f3xx_hal_can.o
 .debug_line    0x00000000000075c0      0xd5a ./Drivers/STM32F3xx_HAL_Driver/Src/stm32f3xx_hal_cortex.o
 .debug_line    0x000000000000831a      0xcbd ./Drivers/STM32F3xx_HAL_Driver/Src/stm32f3xx_hal_gpio.o
 .debug_line    0x0000000000008fd7     0x18fb ./Drivers/STM32F3xx_HAL_Driver/Src/stm32f3xx_hal_pcd.o
 .debug_line    0x000000000000a8d2      0x7e5 ./Drivers/STM32F3xx_HAL_Driver/Src/stm32f3xx_hal_pcd_ex.o
 .debug_line    0x000000000000b0b7     0x1993 ./Drivers/STM32F3xx_HAL_Driver/Src/stm32f3xx_hal_rcc.o
 .debug_line    0x000000000000ca4a      0xe51 ./Drivers/STM32F3xx_HAL_Driver/Src/stm32f3xx_hal_rcc_ex.o
 .debug_line    0x000000000000d89b     0x1e69 ./Drivers/STM32F3xx_HAL_Driver/Src/stm32f3xx_ll_usb.o
 .debug_line    0x000000000000f704      0xf0a ./Middlewares/ST/STM32_USB_Device_Library/Class/CDC/Src/usbd_cdc.o
 .debug_line    0x000000000001060e      0xf08 ./Middlewares/ST/STM32_USB_Device_Library/Core/Src/usbd_core.o
 .debug_line    0x0000000000011516     0x102a ./Middlewares/ST/STM32_USB_Device_Library/Core/Src/usbd_ctlreq.o
 .debug_line    0x0000000000012540      0xabe ./Middlewares/ST/STM32_USB_Device_Library/Core/Src/usbd_ioreq.o
 .debug_line    0x0000000000012ffe      0xa7f ./USB_DEVICE/App/usb_device.o
 .debug_line    0x0000000000013a7d      0xc1a ./USB_DEVICE/App/usbd_cdc_if.o
 .debug_line    0x0000000000014697      0xd00 ./USB_DEVICE/App/usbd_desc.o
 .debug_line    0x0000000000015397      0xfe8 ./USB_DEVICE/Target/usbd_conf.o

.debug_str      0x0000000000000000    0xa87fb
 .debug_str     0x0000000000000000    0xa306a ./Core/Src/can_usb.o
                                      0xa386b (size before relaxing)
 .debug_str     0x00000000000a306a       0xcd ./Core/Src/led.o
                                      0x9ef74 (size before relaxing)
 .debug_str     0x00000000000a3137      0x7c4 ./Core/Src/main.o
                                      0xa3c9f (size before relaxing)
 .debug_str     0x00000000000a38fb       0x5e ./Core/Src/stm32f3xx_hal_msp.o
                                      0x9f654 (size before relaxing)
 .debug_str     0x00000000000a3959      0x406 ./Core/Src/stm32f3xx_it.o
                                      0x9f589 (size before relaxing)
 .debug_str     0x00000000000a3d5f       0xdf ./Core/Src/system_stm32f3xx.o
                                      0x9ee6c (size before relaxing)
 .debug_str     0x00000000000a3e3e     0x264f ./Core/Src/usbcan_main.o
                                      0xa5b57 (size before relaxing)
 .debug_str     0x00000000000a648d      0x16b ./Core/Src/user_if.o
                                      0xa3846 (size before relaxing)
 .debug_str     0x00000000000a65f8       0x34 ./Core/Startup/startup_stm32f302cbtx.o
                                         0x5a (size before relaxing)
 .debug_str     0x00000000000a662c      0x38b ./Drivers/STM32F3xx_HAL_Driver/Src/stm32f3xx_hal.o
                                      0x9f643 (size before relaxing)
 .debug_str     0x00000000000a69b7      0x3b3 ./Drivers/STM32F3xx_HAL_Driver/Src/stm32f3xx_hal_can.o
                                      0x9f5f3 (size before relaxing)
 .debug_str     0x00000000000a6d6a      0x347 ./Drivers/STM32F3xx_HAL_Driver/Src/stm32f3xx_hal_cortex.o
                                      0x9f695 (size before relaxing)
 .debug_str     0x00000000000a70b1       0xe6 ./Drivers/STM32F3xx_HAL_Driver/Src/stm32f3xx_hal_gpio.o
                                      0x9efe2 (size before relaxing)
 .debug_str     0x00000000000a7197      0x528 ./Drivers/STM32F3xx_HAL_Driver/Src/stm32f3xx_hal_pcd.o
                                      0x9f681 (size before relaxing)
 .debug_str     0x00000000000a76bf      0x170 ./Drivers/STM32F3xx_HAL_Driver/Src/stm32f3xx_hal_pcd_ex.o
                                      0x9f25b (size before relaxing)
 .debug_str     0x00000000000a782f      0x2be ./Drivers/STM32F3xx_HAL_Driver/Src/stm32f3xx_hal_rcc.o
                                      0x9f30c (size before relaxing)
 .debug_str     0x00000000000a7aed       0xbe ./Drivers/STM32F3xx_HAL_Driver/Src/stm32f3xx_hal_rcc_ex.o
                                      0x9f0a9 (size before relaxing)
 .debug_str     0x00000000000a7bab       0xd8 ./Drivers/STM32F3xx_HAL_Driver/Src/stm32f3xx_ll_usb.o
                                      0x9f1d6 (size before relaxing)
 .debug_str     0x00000000000a7c83      0x330 ./Middlewares/ST/STM32_USB_Device_Library/Class/CDC/Src/usbd_cdc.o
                                      0xa3e17 (size before relaxing)
 .debug_str     0x00000000000a7fb3      0x288 ./Middlewares/ST/STM32_USB_Device_Library/Core/Src/usbd_core.o
                                      0xa375e (size before relaxing)
 .debug_str     0x00000000000a823b      0x120 ./Middlewares/ST/STM32_USB_Device_Library/Core/Src/usbd_ctlreq.o
                                      0xa3678 (size before relaxing)
 .debug_str     0x00000000000a835b       0x51 ./Middlewares/ST/STM32_USB_Device_Library/Core/Src/usbd_ioreq.o
                                      0xa35a5 (size before relaxing)
 .debug_str     0x00000000000a83ac       0xb9 ./USB_DEVICE/App/usb_device.o
                                      0xa3930 (size before relaxing)
 .debug_str     0x00000000000a8465       0xdb ./USB_DEVICE/App/usbd_cdc_if.o
                                      0xa3a46 (size before relaxing)
 .debug_str     0x00000000000a8540      0x248 ./USB_DEVICE/App/usbd_desc.o
                                      0xa34d1 (size before relaxing)
 .debug_str     0x00000000000a8788       0x73 ./USB_DEVICE/Target/usbd_conf.o
                                      0xa459a (size before relaxing)

.debug_frame    0x0000000000000000     0x1a20
 .debug_frame   0x0000000000000000       0x84 ./Core/Src/can_usb.o
 .debug_frame   0x0000000000000084       0x44 ./Core/Src/led.o
 .debug_frame   0x00000000000000c8       0x68 ./Core/Src/main.o
 .debug_frame   0x0000000000000130       0x60 ./Core/Src/stm32f3xx_hal_msp.o
 .debug_frame   0x0000000000000190       0xdc ./Core/Src/stm32f3xx_it.o
 .debug_frame   0x000000000000026c       0x30 ./Core/Src/system_stm32f3xx.o
 .debug_frame   0x000000000000029c       0x30 ./Core/Src/usbcan_main.o
 .debug_frame   0x00000000000002cc       0x58 ./Core/Src/user_if.o
 .debug_frame   0x0000000000000324      0x1d4 ./Drivers/STM32F3xx_HAL_Driver/Src/stm32f3xx_hal.o
 .debug_frame   0x00000000000004f8      0x310 ./Drivers/STM32F3xx_HAL_Driver/Src/stm32f3xx_hal_can.o
 .debug_frame   0x0000000000000808      0x164 ./Drivers/STM32F3xx_HAL_Driver/Src/stm32f3xx_hal_cortex.o
 .debug_frame   0x000000000000096c       0xe4 ./Drivers/STM32F3xx_HAL_Driver/Src/stm32f3xx_hal_gpio.o
 .debug_frame   0x0000000000000a50      0x2e8 ./Drivers/STM32F3xx_HAL_Driver/Src/stm32f3xx_hal_pcd.o
 .debug_frame   0x0000000000000d38       0x50 ./Drivers/STM32F3xx_HAL_Driver/Src/stm32f3xx_hal_pcd_ex.o
 .debug_frame   0x0000000000000d88      0x1a0 ./Drivers/STM32F3xx_HAL_Driver/Src/stm32f3xx_hal_rcc.o
 .debug_frame   0x0000000000000f28       0x78 ./Drivers/STM32F3xx_HAL_Driver/Src/stm32f3xx_hal_rcc_ex.o
 .debug_frame   0x0000000000000fa0      0x190 ./Drivers/STM32F3xx_HAL_Driver/Src/stm32f3xx_ll_usb.o
 .debug_frame   0x0000000000001130      0x174 ./Middlewares/ST/STM32_USB_Device_Library/Class/CDC/Src/usbd_cdc.o
 .debug_frame   0x00000000000012a4      0x1c4 ./Middlewares/ST/STM32_USB_Device_Library/Core/Src/usbd_core.o
 .debug_frame   0x0000000000001468       0xc0 ./Middlewares/ST/STM32_USB_Device_Library/Core/Src/usbd_ctlreq.o
 .debug_frame   0x0000000000001528       0xb0 ./Middlewares/ST/STM32_USB_Device_Library/Core/Src/usbd_ioreq.o
 .debug_frame   0x00000000000015d8       0x2c ./USB_DEVICE/App/usb_device.o
 .debug_frame   0x0000000000001604       0x98 ./USB_DEVICE/App/usbd_cdc_if.o
 .debug_frame   0x000000000000169c       0xa0 ./USB_DEVICE/App/usbd_desc.o
 .debug_frame   0x000000000000173c      0x298 ./USB_DEVICE/Target/usbd_conf.o
 .debug_frame   0x00000000000019d4       0x20 C:/ST/STM32CubeIDE_1.9.0/STM32CubeIDE/plugins/com.st.stm32cube.ide.mcu.externaltools.gnu-tools-for-stm32.11.3.rel1.win32_1.1.1.202309131626/tools/bin/../lib/gcc/arm-none-eabi/11.3.1/../../../../arm-none-eabi/lib/thumb/v7e-m+fp/hard\libc_nano.a(libc_a-memset.o)
 .debug_frame   0x00000000000019f4       0x2c C:/ST/STM32CubeIDE_1.9.0/STM32CubeIDE/plugins/com.st.stm32cube.ide.mcu.externaltools.gnu-tools-for-stm32.11.3.rel1.win32_1.1.1.202309131626/tools/bin/../lib/gcc/arm-none-eabi/11.3.1/../../../../arm-none-eabi/lib/thumb/v7e-m+fp/hard\libc_nano.a(libc_a-init.o)

.debug_line_str
                0x0000000000000000       0x4e
 .debug_line_str
                0x0000000000000000       0x4e ./Core/Startup/startup_stm32f302cbtx.o
                                         0x66 (size before relaxing)